Component: ARM Compiler 5.06 update 6 (build 750) Tool: armlink [4d35ed]

==============================================================================

Section Cross References

    main.o(i.main) refers to s32k.o(i._DI) for _DI
    main.o(i.main) refers to s32k.o(i._EI) for _EI
    main.o(i.main) refers to timer.o(i.sysinit) for sysinit
    system_s32k144.o(i.SystemCoreClockUpdate) refers to system_s32k144.o(.data) for .data
    system_s32k144.o(i.SystemCoreClockUpdate) refers to system_s32k144.o(.constdata) for .constdata
    startup_s32k144.o(RESET) refers to startup_s32k144.o(.text) for Reset_Handler
    startup_s32k144.o(RESET) refers to osif_baremetal.o(i.SysTick_Handler) for SysTick_Handler
    startup_s32k144.o(RESET) refers to edma_irq.o(i.DMA0_IRQHandler) for DMA0_IRQHandler
    startup_s32k144.o(RESET) refers to edma_irq.o(i.DMA1_IRQHandler) for DMA1_IRQHandler
    startup_s32k144.o(RESET) refers to edma_irq.o(i.DMA2_IRQHandler) for DMA2_IRQHandler
    startup_s32k144.o(RESET) refers to edma_irq.o(i.DMA3_IRQHandler) for DMA3_IRQHandler
    startup_s32k144.o(RESET) refers to edma_irq.o(i.DMA4_IRQHandler) for DMA4_IRQHandler
    startup_s32k144.o(RESET) refers to edma_irq.o(i.DMA5_IRQHandler) for DMA5_IRQHandler
    startup_s32k144.o(RESET) refers to edma_irq.o(i.DMA6_IRQHandler) for DMA6_IRQHandler
    startup_s32k144.o(RESET) refers to edma_irq.o(i.DMA7_IRQHandler) for DMA7_IRQHandler
    startup_s32k144.o(RESET) refers to edma_irq.o(i.DMA8_IRQHandler) for DMA8_IRQHandler
    startup_s32k144.o(RESET) refers to edma_irq.o(i.DMA9_IRQHandler) for DMA9_IRQHandler
    startup_s32k144.o(RESET) refers to edma_irq.o(i.DMA10_IRQHandler) for DMA10_IRQHandler
    startup_s32k144.o(RESET) refers to edma_irq.o(i.DMA11_IRQHandler) for DMA11_IRQHandler
    startup_s32k144.o(RESET) refers to edma_irq.o(i.DMA12_IRQHandler) for DMA12_IRQHandler
    startup_s32k144.o(RESET) refers to edma_irq.o(i.DMA13_IRQHandler) for DMA13_IRQHandler
    startup_s32k144.o(RESET) refers to edma_irq.o(i.DMA14_IRQHandler) for DMA14_IRQHandler
    startup_s32k144.o(RESET) refers to edma_irq.o(i.DMA15_IRQHandler) for DMA15_IRQHandler
    startup_s32k144.o(RESET) refers to edma_irq.o(i.DMA_Error_IRQHandler) for DMA_Error_IRQHandler
    startup_s32k144.o(RESET) refers to lpi2c_irq.o(i.LPI2C0_Master_IRQHandler) for LPI2C0_Master_IRQHandler
    startup_s32k144.o(RESET) refers to lpi2c_irq.o(i.LPI2C0_Slave_IRQHandler) for LPI2C0_Slave_IRQHandler
    startup_s32k144.o(RESET) refers to flexcan_irq.o(i.CAN0_ORed_IRQHandler) for CAN0_ORed_IRQHandler
    startup_s32k144.o(RESET) refers to flexcan_irq.o(i.CAN0_Error_IRQHandler) for CAN0_Error_IRQHandler
    startup_s32k144.o(RESET) refers to flexcan_irq.o(i.CAN0_Wake_Up_IRQHandler) for CAN0_Wake_Up_IRQHandler
    startup_s32k144.o(RESET) refers to flexcan_irq.o(i.CAN0_ORed_0_15_MB_IRQHandler) for CAN0_ORed_0_15_MB_IRQHandler
    startup_s32k144.o(RESET) refers to flexcan_irq.o(i.CAN0_ORed_16_31_MB_IRQHandler) for CAN0_ORed_16_31_MB_IRQHandler
    startup_s32k144.o(RESET) refers to flexcan_irq.o(i.CAN1_ORed_IRQHandler) for CAN1_ORed_IRQHandler
    startup_s32k144.o(RESET) refers to flexcan_irq.o(i.CAN1_Error_IRQHandler) for CAN1_Error_IRQHandler
    startup_s32k144.o(RESET) refers to flexcan_irq.o(i.CAN1_ORed_0_15_MB_IRQHandler) for CAN1_ORed_0_15_MB_IRQHandler
    startup_s32k144.o(RESET) refers to flexcan_irq.o(i.CAN2_ORed_IRQHandler) for CAN2_ORed_IRQHandler
    startup_s32k144.o(RESET) refers to flexcan_irq.o(i.CAN2_Error_IRQHandler) for CAN2_Error_IRQHandler
    startup_s32k144.o(RESET) refers to flexcan_irq.o(i.CAN2_ORed_0_15_MB_IRQHandler) for CAN2_ORed_0_15_MB_IRQHandler
    startup_s32k144.o(.text) refers to startup_s32k144.o(FlashConfig) for FlashConfig
    startup_s32k144.o(.text) refers to system_s32k144.o(i.SystemInit) for SystemInit
    startup_s32k144.o(.text) refers to startup.o(i.init_data_bss) for init_data_bss
    startup_s32k144.o(.text) refers to entry.o(.ARM.Collect$$$$00000000) for __main
    s32k.o(i._DI) refers to interrupt_manager.o(i.INT_SYS_DisableIRQGlobal) for INT_SYS_DisableIRQGlobal
    s32k.o(i._EI) refers to interrupt_manager.o(i.INT_SYS_EnableIRQGlobal) for INT_SYS_EnableIRQGlobal
    s32k.o(i.fputc) refers to printf8.o(i.__0snprintf$8) for __2snprintf
    s32k.o(i.fputc) refers to osif_baremetal.o(.data) for s_osif_tick_cnt
    timer.o(i.Delayms) refers to osif_baremetal.o(i.OSIF_TimeDelay) for OSIF_TimeDelay
    timer.o(i.TimerGetSystemTimer) refers to timer.o(.data) for .data
    timer.o(i.Timer_init) refers to s32k.o(i._DI) for _DI
    timer.o(i.Timer_init) refers to s32k.o(i._EI) for _EI
    timer.o(i.sysinit) refers to clock_manager.o(i.CLOCK_SYS_Init) for CLOCK_SYS_Init
    timer.o(i.sysinit) refers to clock_manager.o(i.CLOCK_SYS_UpdateConfiguration) for CLOCK_SYS_UpdateConfiguration
    timer.o(i.sysinit) refers to clockman1.o(.data) for g_clockManCallbacksArr
    timer.o(i.sysinit) refers to clockman1.o(.data) for g_clockManConfigsArr
[...]
    Removing flexcan_driver.o(i.FLEXCAN_DRV_Receive), (6 bytes).
    Removing flexcan_driver.o(i.FLEXCAN_DRV_ReceiveBlocking), (100 bytes).
    Removing flexcan_driver.o(i.FLEXCAN_DRV_RxFifo), (6 bytes).
    Removing flexcan_driver.o(i.FLEXCAN_DRV_RxFifoBlocking), (104 bytes).
    Removing flexcan_driver.o(i.FLEXCAN_DRV_Send), (60 bytes).
    Removing flexcan_driver.o(i.FLEXCAN_DRV_SendBlocking), (120 bytes).
    Removing flexcan_driver.o(i.FLEXCAN_DRV_SetBitrate), (52 bytes).
    Removing flexcan_driver.o(i.FLEXCAN_DRV_SetBitrateCbt), (40 bytes).
    Removing flexcan_driver.o(i.FLEXCAN_DRV_SetRxFifoGlobalMask), (56 bytes).
    Removing flexcan_driver.o(i.FLEXCAN_DRV_SetRxIndividualMask), (88 bytes).
    Removing flexcan_driver.o(i.FLEXCAN_DRV_SetRxMaskType), (48 bytes).
    Removing flexcan_driver.o(i.FLEXCAN_DRV_SetRxMb14Mask), (56 bytes).
    Removing flexcan_driver.o(i.FLEXCAN_DRV_SetRxMb15Mask), (56 bytes).
    Removing flexcan_driver.o(i.FLEXCAN_DRV_SetRxMbGlobalMask), (56 bytes).
    Removing flexcan_driver.o(i.FLEXCAN_DRV_SetTDCOffset), (60 bytes).
    Removing flexcan_driver.o(i.FLEXCAN_SetExtendedTimeSegments), (72 bytes).
    Removing flexcan_driver.o(i.FLEXCAN_SetFDTimeSegments), (80 bytes).
    Removing flexcan_driver.o(i.FLEXCAN_SetTimeSegments), (66 bytes).
    Removing flexcan_driver.o(i.FLEXCAN_StartRxMessageBufferData), (112 bytes).
    Removing flexcan_driver.o(i.FLEXCAN_StartRxMessageFifoData), (168 bytes).
    Removing flexcan_driver.o(i.FLEXCAN_StartSendData), (112 bytes).
    Removing flexcan_driver.o(.constdata), (2 bytes).
    Removing flexcan_hw_access.o(.rev16_text), (4 bytes).
    Removing flexcan_hw_access.o(.revsh_text), (4 bytes).
    Removing flexcan_hw_access.o(.rrx_text), (6 bytes).
    Removing flexcan_hw_access.o(i.FLEXCAN_ConfigPN), (336 bytes).
    Removing flexcan_hw_access.o(i.FLEXCAN_Disable), (24 bytes).
    Removing flexcan_hw_access.o(i.FLEXCAN_Enable), (38 bytes).
    Removing flexcan_hw_access.o(i.FLEXCAN_EnableRxFifo), (58 bytes).
    Removing flexcan_hw_access.o(i.FLEXCAN_EnterFreezeMode), (24 bytes).
    Removing flexcan_hw_access.o(i.FLEXCAN_ExitFreezeMode), (24 bytes).
    Removing flexcan_hw_access.o(i.FLEXCAN_Init), (82 bytes).
    Removing flexcan_hw_access.o(i.FLEXCAN_MaxMbRAMSize), (60 bytes).
    Removing flexcan_hw_access.o(i.FLEXCAN_SetMaxMsgBuffNum), (116 bytes).
    Removing flexcan_hw_access.o(i.FLEXCAN_SetOperationMode), (82 bytes).
    Removing flexcan_hw_access.o(i.FLEXCAN_SetPayloadSize), (28 bytes).
    Removing flexcan_hw_access.o(i.FLEXCAN_SetRxFifoFilter), (360 bytes).
    Removing flexcan_hw_access.o(i.FLEXCAN_SetRxMsgBuff), (188 bytes).
    Removing flexcan_hw_access.o(i.FLEXCAN_SetTxMsgBuff), (464 bytes).
    Removing flexcan_hw_access.o(.constdata), (24 bytes).
    Removing flexcan_irq.o(.rev16_text), (4 bytes).
    Removing flexcan_irq.o(.revsh_text), (4 bytes).
    Removing flexcan_irq.o(.rrx_text), (6 bytes).
    Removing flexcan_irq.o(i.CAN1_ORed_16_31_MB_IRQHandler), (6 bytes).
    Removing flexcan_irq.o(i.CAN1_Wake_Up_IRQHandler), (6 bytes).
    Removing flexcan_irq.o(i.CAN2_ORed_16_31_MB_IRQHandler), (6 bytes).
    Removing flexcan_irq.o(i.CAN2_Wake_Up_IRQHandler), (6 bytes).
    Removing clockman1.o(.rev16_text), (4 bytes).
    Removing clockman1.o(.revsh_text), (4 bytes).
    Removing clockman1.o(.rrx_text), (6 bytes).
    Removing pin_mux.o(.rev16_text), (4 bytes).
    Removing pin_mux.o(.revsh_text), (4 bytes).
    Removing pin_mux.o(.rrx_text), (6 bytes).
    Removing pin_mux.o(.data), (2136 bytes).
    Removing uart.o(.rev16_text), (4 bytes).
    Removing uart.o(.revsh_text), (4 bytes).
    Removing uart.o(.rrx_text), (6 bytes).
    Removing uart.o(i.DebugUartInit), (44 bytes).
    Removing uart.o(i.pinmuxinit), (12 bytes).
    Removing uart.o(.bss), (303 bytes).
    Removing uart.o(.constdata), (12 bytes).
    Removing lpi2c1.o(.rev16_text), (4 bytes).
    Removing lpi2c1.o(.revsh_text), (4 bytes).
    Removing lpi2c1.o(.rrx_text), (6 bytes).
    Removing lpi2c1.o(.constdata), (16 bytes).
    Removing i2c.o(.rev16_text), (4 bytes).
    Removing i2c.o(.revsh_text), (4 bytes).
    Removing i2c.o(.rrx_text), (6 bytes).
    Removing i2c.o(i.I2C_init), (48 bytes).
    Removing i2c.o(i.lpi2c0_SlaveCallback0), (48 bytes).
    Removing i2c.o(.bss), (255 bytes).
    Removing i2c.o(.bss), (804 bytes).
    Removing i2c.o(.bss), (255 bytes).
    Removing cancom1.o(.rev16_text), (4 bytes).
    Removing cancom1.o(.revsh_text), (4 bytes).
    Removing cancom1.o(.rrx_text), (6 bytes).
    Removing cancom1.o(.bss), (268 bytes).
    Removing cancom1.o(.bss), (268 bytes).
    Removing cancom1.o(.bss), (268 bytes).
    Removing cancom1.o(.constdata), (56 bytes).
    Removing cancom1.o(.constdata), (56 bytes).
    Removing cancom1.o(.constdata), (56 bytes).
    Removing dmacontroller1.o(.rev16_text), (4 bytes).
    Removing dmacontroller1.o(.revsh_text), (4 bytes).
    Removing dmacontroller1.o(.rrx_text), (6 bytes).
    Removing dmacontroller1.o(.bss), (64 bytes).
    Removing dmacontroller1.o(.bss), (16 bytes).
    Removing dmacontroller1.o(.constdata), (4 bytes).
    Removing dmacontroller1.o(.constdata), (4 bytes).
    Removing dmacontroller1.o(.constdata), (2 bytes).
    Removing dmacontroller1.o(.data), (12 bytes).
    Removing cpu.o(.rev16_text), (4 bytes).
    Removing cpu.o(.revsh_text), (4 bytes).
    Removing cpu.o(.rrx_text), (6 bytes).
    Removing fly_can.o(.rev16_text), (4 bytes).
    Removing fly_can.o(.revsh_text), (4 bytes).
    Removing fly_can.o(.rrx_text), (6 bytes).
    Removing fly_can.o(i.SendCANData), (60 bytes).
    Removing fly_can.o(i.fly_can_init), (84 bytes).
    Removing fly_can.o(.constdata), (12 bytes).
    Removing fly_can.o(.data), (12 bytes).
    Removing tbt.o(.rev16_text), (4 bytes).
    Removing tbt.o(.revsh_text), (4 bytes).
    Removing tbt.o(.rrx_text), (6 bytes).
    Removing tbt.o(i.TBT_Handler), (592 bytes).
    Removing tbt.o(i.TBT_check), (42 bytes).
    Removing tbt.o(i.send_cur_name), (472 bytes).
    Removing tbt.o(i.send_nc_name), (476 bytes).
    Removing tbt.o(i.send_tbt_cur_data), (344 bytes).
    Removing tbt.o(i.send_tbt_gui_data), (364 bytes).
    Removing tbt.o(.bss), (128 bytes).
    Removing tbt.o(.data), (9 bytes).
    Removing dadd.o(.text), (334 bytes).
    Removing dmul.o(.text), (228 bytes).
    Removing ddiv.o(.text), (222 bytes).
    Removing dfixul.o(.text), (48 bytes).
    Removing cdrcmple.o(.text), (48 bytes).
    Removing depilogue.o(.text), (186 bytes).

391 unused section(s) (total 25539 bytes) removed from the image.

==============================================================================

Image Symbol Table

    Local Symbols

    Symbol Name                              Value     Ov Type        Size  Object(Section)

    RESET                                    0x00000000   Section     1024  startup_s32k144.o(RESET)
    ../clib/microlib/division.c              0x00000000   Number         0  uidiv.o ABSOLUTE
    ../clib/microlib/division.c              0x00000000   Number         0  uldiv.o ABSOLUTE
    ../clib/microlib/init/entry.s            0x00000000   Number         0  entry7a.o ABSOLUTE
    ../clib/microlib/init/entry.s            0x00000000   Number         0  entry5.o ABSOLUTE
    ../clib/microlib/init/entry.s            0x00000000   Number         0  entry11b.o ABSOLUTE
    ../clib/microlib/init/entry.s            0x00000000   Number         0  entry10a.o ABSOLUTE
    ../clib/microlib/init/entry.s            0x00000000   Number         0  entry11a.o ABSOLUTE
    ../clib/microlib/init/entry.s            0x00000000   Number         0  entry10b.o ABSOLUTE
    ../clib/microlib/init/entry.s            0x00000000   Number         0  entry9b.o ABSOLUTE
    ../clib/microlib/init/entry.s            0x00000000   Number         0  entry9a.o ABSOLUTE
    ../clib/microlib/init/entry.s            0x00000000   Number         0  entry8b.o ABSOLUTE
    ../clib/microlib/init/entry.s            0x00000000   Number         0  entry8a.o ABSOLUTE
    ../clib/microlib/init/entry.s            0x00000000   Number         0  entry4.o ABSOLUTE
    ../clib/microlib/init/entry.s            0x00000000   Number         0  entry7b.o ABSOLUTE
    ../clib/microlib/init/entry.s            0x00000000   Number         0  entry.o ABSOLUTE
    ../clib/microlib/longlong.c              0x00000000   Number         0  llushr.o ABSOLUTE
    ../clib/microlib/longlong.c              0x00000000   Number         0  llshl.o ABSOLUTE
    ../clib/microlib/longlong.c              0x00000000   Number         0  llsshr.o ABSOLUTE
    ../clib/microlib/printf/printf.c         0x00000000   Number         0  printf7.o ABSOLUTE
    ../clib/microlib/printf/printf.c         0x00000000   Number         0  printf8.o ABSOLUTE
    ../clib/microlib/printf/printf.c         0x00000000   Number         0  printfa.o ABSOLUTE
    ../clib/microlib/printf/printf.c         0x00000000   Number         0  printfb.o ABSOLUTE
    ../clib/microlib/printf/printf.c         0x00000000   Number         0  printf0.o ABSOLUTE
    ../clib/microlib/printf/printf.c         0x00000000   Number         0  printf1.o ABSOLUTE
    ../clib/microlib/printf/printf.c         0x00000000   Number         0  printf2.o ABSOLUTE
    ../clib/microlib/printf/printf.c         0x00000000   Number         0  printf3.o ABSOLUTE
    ../clib/microlib/printf/printf.c         0x00000000   Number         0  printf4.o ABSOLUTE
    ../clib/microlib/printf/printf.c         0x00000000   Number         0  printf5.o ABSOLUTE
    ../clib/microlib/printf/printf.c         0x00000000   Number         0  printf6.o ABSOLUTE
    ../clib/microlib/printf/stubs.s          0x00000000   Number         0  stubs.o ABSOLUTE
    ../clib/microlib/stdio/streams.c         0x00000000   Number         0  stdout.o ABSOLUTE
    ../clib/microlib/string/memcpy.c         0x00000000   Number         0  memcpyb.o ABSOLUTE
    ../clib/microlib/string/memcpy.c         0x00000000   Number         0  memcpya.o ABSOLUTE
    ../clib/microlib/stubs.s                 0x00000000   Number         0  iusefp.o ABSOLUTE
    ../fplib/microlib/fpadd.c                0x00000000   Number         0  dadd.o ABSOLUTE
    ../fplib/microlib/fpdiv.c                0x00000000   Number         0  ddiv.o ABSOLUTE
    ../fplib/microlib/fpepilogue.c           0x00000000   Number         0  depilogue.o ABSOLUTE
    ../fplib/microlib/fpfix.c                0x00000000   Number         0  dfixul.o ABSOLUTE
    ../fplib/microlib/fpmul.c                0x00000000   Number         0  dmul.o ABSOLUTE
    ..\\devices\\S32K144\\startup\\system_S32K144.c 0x00000000   Number         0  system_s32k144.o ABSOLUTE
    ..\\devices\\startup.c                   0x00000000   Number         0  startup.o ABSOLUTE
    ..\\drivers\\src\\clock\\S32K1xx\\clock_S32K1xx.c 0x00000000   Number         0  clock_s32k1xx.o ABSOLUTE
    ..\\drivers\\src\\clock\\clock_manager.c 0x00000000   Number         0  clock_manager.o ABSOLUTE
    ..\\drivers\\src\\edma\\edma_driver.c    0x00000000   Number         0  edma_driver.o ABSOLUTE
    ..\\drivers\\src\\edma\\edma_hw_access.c 0x00000000   Number         0  edma_hw_access.o ABSOLUTE
    ..\\drivers\\src\\edma\\edma_irq.c       0x00000000   Number         0  edma_irq.o ABSOLUTE
    ..\\drivers\\src\\flexcan\\flexcan_driver.c 0x00000000   Number         0  flexcan_driver.o ABSOLUTE
    ..\\drivers\\src\\flexcan\\flexcan_hw_access.c 0x00000000   Number         0  flexcan_hw_access.o ABSOLUTE
    ..\\drivers\\src\\flexcan\\flexcan_irq.c 0x00000000   Number         0  flexcan_irq.o ABSOLUTE
    ..\\drivers\\src\\interrupt\\interrupt_manager.c 0x00000000   Number         0  interrupt_manager.o ABSOLUTE
    ..\\drivers\\src\\lpi2c\\lpi2c_driver.c  0x00000000   Number         0  lpi2c_driver.o ABSOLUTE
    ..\\drivers\\src\\lpi2c\\lpi2c_hw_access.c 0x00000000   Number         0  lpi2c_hw_access.o ABSOLUTE
    ..\\drivers\\src\\lpi2c\\lpi2c_irq.c     0x00000000   Number         0  lpi2c_irq.o ABSOLUTE
    ..\\drivers\\src\\lpuart\\lpuart_driver.c 0x00000000   Number         0  lpuart_driver.o ABSOLUTE
    ..\\drivers\\src\\lpuart\\lpuart_hw_access.c 0x00000000   Number         0  lpuart_hw_access.o ABSOLUTE
    ..\\drivers\\src\\lpuart\\lpuart_irq.c   0x00000000   Number         0  lpuart_irq.o ABSOLUTE
    ..\\drivers\\src\\pins\\pins_driver.c    0x00000000   Number         0  pins_driver.o ABSOLUTE
    ..\\drivers\\src\\pins\\pins_port_hw_access.c 0x00000000   Number         0  pins_port_hw_access.o ABSOLUTE
    ..\\pal\\osif\\osif_baremetal.c          0x00000000   Number         0  osif_baremetal.o ABSOLUTE
    ..\\user\\Cpu.c                          0x00000000   Number         0  cpu.o ABSOLUTE
    ..\\user\\I2C.c                          0x00000000   Number         0  i2c.o ABSOLUTE
    ..\\user\\TBT.c                          0x00000000   Number         0  tbt.o ABSOLUTE
    ..\\user\\canCom1.c                      0x00000000   Number         0  cancom1.o ABSOLUTE
    ..\\user\\clockMan1.c                    0x00000000   Number         0  clockman1.o ABSOLUTE
    ..\\user\\dmaController1.c               0x00000000   Number         0  dmacontroller1.o ABSOLUTE
    ..\\user\\fly_can.c                      0x00000000   Number         0  fly_can.o ABSOLUTE
    ..\\user\\lpi2c1.c                       0x00000000   Number         0  lpi2c1.o ABSOLUTE
    ..\\user\\main.c                         0x00000000   Number         0  main.o ABSOLUTE
    ..\\user\\pin_mux.c                      0x00000000   Number         0  pin_mux.o ABSOLUTE
    ..\\user\\s32k.c                         0x00000000   Number         0  s32k.o ABSOLUTE
    ..\\user\\timer.c                        0x00000000   Number         0  timer.o ABSOLUTE
    ..\\user\\uart.c                         0x00000000   Number         0  uart.o ABSOLUTE
    ..\devices\S32K144\startup\arm\startup_S32K144.s 0x00000000   Number         0  startup_s32k144.o ABSOLUTE
    ..\devices\S32K144\startup\system_S32K144.c 0x00000000   Number         0  system_s32k144.o ABSOLUTE
    ..\devices\startup.c                     0x00000000   Number         0  startup.o ABSOLUTE
    ..\drivers\src\clock\S32K1xx\clock_S32K1xx.c 0x00000000   Number         0  clock_s32k1xx.o ABSOLUTE
    ..\drivers\src\clock\clock_manager.c     0x00000000   Number         0  clock_manager.o ABSOLUTE
    ..\drivers\src\edma\edma_driver.c        0x00000000   Number         0  edma_driver.o ABSOLUTE
    ..\drivers\src\edma\edma_hw_access.c     0x00000000   Number         0  edma_hw_access.o ABSOLUTE
    ..\drivers\src\edma\edma_irq.c           0x00000000   Number         0  edma_irq.o ABSOLUTE
    ..\drivers\src\flexcan\flexcan_driver.c  0x00000000   Number         0  flexcan_driver.o ABSOLUTE
    ..\drivers\src\flexcan\flexcan_hw_access.c 0x00000000   Number         0  flexcan_hw_access.o ABSOLUTE
    ..\drivers\src\flexcan\flexcan_irq.c     0x00000000   Number         0  flexcan_irq.o ABSOLUTE
    ..\drivers\src\interrupt\interrupt_manager.c 0x00000000   Number         0  interrupt_manager.o ABSOLUTE
    ..\drivers\src\lpi2c\lpi2c_driver.c      0x00000000   Number         0  lpi2c_driver.o ABSOLUTE
    ..\drivers\src\lpi2c\lpi2c_hw_access.c   0x00000000   Number         0  lpi2c_hw_access.o ABSOLUTE
    ..\drivers\src\lpi2c\lpi2c_irq.c         0x00000000   Number         0  lpi2c_irq.o ABSOLUTE
    ..\drivers\src\lpuart\lpuart_driver.c    0x00000000   Number         0  lpuart_driver.o ABSOLUTE
    ..\drivers\src\lpuart\lpuart_hw_access.c 0x00000000   Number         0  lpuart_hw_access.o ABSOLUTE
    ..\drivers\src\lpuart\lpuart_irq.c       0x00000000   Number         0  lpuart_irq.o ABSOLUTE
    ..\drivers\src\pins\pins_driver.c        0x00000000   Number         0  pins_driver.o ABSOLUTE
    ..\drivers\src\pins\pins_port_hw_access.c 0x00000000   Number         0  pins_port_hw_access.o ABSOLUTE
    ..\pal\osif\osif_baremetal.c             0x00000000   Number         0  osif_baremetal.o ABSOLUTE
    ..\user\Androidcom.c                     0x00000000   Number         0  androidcom.o ABSOLUTE
    ..\user\Cpu.c                            0x00000000   Number         0  cpu.o ABSOLUTE
    ..\user\I2C.c                            0x00000000   Number         0  i2c.o ABSOLUTE
    ..\user\TBT.c                            0x00000000   Number         0  tbt.o ABSOLUTE
    ..\user\canCom1.c                        0x00000000   Number         0  cancom1.o ABSOLUTE
    ..\user\clockMan1.c                      0x00000000   Number         0  clockman1.o ABSOLUTE
    ..\user\dmaController1.c                 0x00000000   Number         0  dmacontroller1.o ABSOLUTE
    ..\user\fly_can.c                        0x00000000   Number         0  fly_can.o ABSOLUTE
    ..\user\lpi2c1.c                         0x00000000   Number         0  lpi2c1.o ABSOLUTE
    ..\user\main.c                           0x00000000   Number         0  main.o ABSOLUTE
    ..\user\pin_mux.c                        0x00000000   Number         0  pin_mux.o ABSOLUTE
    ..\user\s32k.c                           0x00000000   Number         0  s32k.o ABSOLUTE
    ..\user\timer.c                          0x00000000   Number         0  timer.o ABSOLUTE
    ..\user\uart.c                           0x00000000   Number         0  uart.o ABSOLUTE
    cdrcmple.s                               0x00000000   Number         0  cdrcmple.o ABSOLUTE
    dc.s                                     0x00000000   Number         0  dc.o ABSOLUTE
    handlers.s                               0x00000000   Number         0  handlers.o ABSOLUTE
    init.s                                   0x00000000   Number         0  init.o ABSOLUTE
    FlashConfig                              0x00000400   Section       16  startup_s32k144.o(FlashConfig)
    .ARM.Collect$$$$00000000                 0x00000410   Section        0  entry.o(.ARM.Collect$$$$00000000)
    .ARM.Collect$$$$00000003                 0x00000410   Section        4  entry4.o(.ARM.Collect$$$$00000003)
    .ARM.Collect$$$$00000004                 0x00000414   Section        4  entry5.o(.ARM.Collect$$$$00000004)
    .ARM.Collect$$$$00000008                 0x00000418   Section        0  entry7b.o(.ARM.Collect$$$$00000008)
    .ARM.Collect$$$$0000000A                 0x00000418   Section        0  entry8b.o(.ARM.Collect$$$$0000000A)
    .ARM.Collect$$$$0000000B                 0x00000418   Section        8  entry9a.o(.ARM.Collect$$$$0000000B)
    .ARM.Collect$$$$0000000D                 0x00000420   Section        0  entry10a.o(.ARM.Collect$$$$0000000D)
    .ARM.Collect$$$$0000000F                 0x00000420   Section        0  entry11a.o(.ARM.Collect$$$$0000000F)
    .ARM.Collect$$$$00002714                 0x00000420   Section        4  entry4.o(.ARM.Collect$$$$00002714)
    __lit__00000000                          0x00000420   Data           4  entry4.o(.ARM.Collect$$$$00002714)
    .text                                    0x00000424   Section       56  startup_s32k144.o(.text)
    $v0                                      0x00000424   Number         0  startup_s32k144.o(.text)
    .text                                    0x0000045c   Section        0  uldiv.o(.text)
    .text                                    0x000004c0   Section       36  init.o(.text)
    .text                                    0x000004e4   Section        0  llshl.o(.text)
    .text                                    0x00000502   Section        0  llushr.o(.text)
    i.CAN0_Error_IRQHandler                  0x00000522   Section        0  flexcan_irq.o(i.CAN0_Error_IRQHandler)
    i.CAN0_ORed_0_15_MB_IRQHandler           0x00000528   Section        0  flexcan_irq.o(i.CAN0_ORed_0_15_MB_IRQHandler)
    i.CAN0_ORed_16_31_MB_IRQHandler          0x0000052e   Section        0  flexcan_irq.o(i.CAN0_ORed_16_31_MB_IRQHandler)
    i.CAN0_ORed_IRQHandler                   0x00000534   Section        0  flexcan_irq.o(i.CAN0_ORed_IRQHandler)
    i.CAN0_Wake_Up_IRQHandler                0x0000053a   Section        0  flexcan_irq.o(i.CAN0_Wake_Up_IRQHandler)
    i.CAN1_Error_IRQHandler                  0x00000540   Section        0  flexcan_irq.o(i.CAN1_Error_IRQHandler)
    i.CAN1_ORed_0_15_MB_IRQHandler           0x00000546   Section        0  flexcan_irq.o(i.CAN1_ORed_0_15_MB_IRQHandler)
    i.CAN1_ORed_IRQHandler                   0x0000054c   Section        0  flexcan_irq.o(i.CAN1_ORed_IRQHandler)
    i.CAN2_Error_IRQHandler                  0x00000552   Section        0  flexcan_irq.o(i.CAN2_Error_IRQHandler)
    i.CAN2_ORed_0_15_MB_IRQHandler           0x00000558   Section        0  flexcan_irq.o(i.CAN2_ORed_0_15_MB_IRQHandler)
    i.CAN2_ORed_IRQHandler                   0x0000055e   Section        0  flexcan_irq.o(i.CAN2_ORed_IRQHandler)
    i.CLOCK_SYS_ConfigureFIRC                0x00000564   Section        0  clock_s32k1xx.o(i.CLOCK_SYS_ConfigureFIRC)
    CLOCK_SYS_ConfigureFIRC                  0x00000565   Thumb Code   156  clock_s32k1xx.o(i.CLOCK_SYS_ConfigureFIRC)
    i.CLOCK_SYS_ConfigureModulesFromScg      0x00000604   Section        0  clock_s32k1xx.o(i.CLOCK_SYS_ConfigureModulesFromScg)
    CLOCK_SYS_ConfigureModulesFromScg        0x00000605   Thumb Code   296  clock_s32k1xx.o(i.CLOCK_SYS_ConfigureModulesFromScg)
    i.CLOCK_SYS_ConfigureSIRC                0x0000072c   Section        0  clock_s32k1xx.o(i.CLOCK_SYS_ConfigureSIRC)
    CLOCK_SYS_ConfigureSIRC                  0x0000072d   Thumb Code   154  clock_s32k1xx.o(i.CLOCK_SYS_ConfigureSIRC)
    i.CLOCK_SYS_ConfigureSOSC                0x000007cc   Section        0  clock_s32k1xx.o(i.CLOCK_SYS_ConfigureSOSC)
    CLOCK_SYS_ConfigureSOSC                  0x000007cd   Thumb Code   230  clock_s32k1xx.o(i.CLOCK_SYS_ConfigureSOSC)
    i.CLOCK_SYS_ConfigureSPLL                0x000008c4   Section        0  clock_s32k1xx.o(i.CLOCK_SYS_ConfigureSPLL)
    CLOCK_SYS_ConfigureSPLL                  0x000008c5   Thumb Code   220  clock_s32k1xx.o(i.CLOCK_SYS_ConfigureSPLL)
    i.CLOCK_SYS_GetCurrentRunMode            0x000009a8   Section        0  clock_s32k1xx.o(i.CLOCK_SYS_GetCurrentRunMode)
    CLOCK_SYS_GetCurrentRunMode              0x000009a9   Thumb Code    30  clock_s32k1xx.o(i.CLOCK_SYS_GetCurrentRunMode)
    i.CLOCK_SYS_GetFircFreq                  0x000009cc   Section        0  clock_s32k1xx.o(i.CLOCK_SYS_GetFircFreq)
    CLOCK_SYS_GetFircFreq                    0x000009cd   Thumb Code    32  clock_s32k1xx.o(i.CLOCK_SYS_GetFircFreq)
    i.CLOCK_SYS_GetSircFreq                  0x000009f4   Section        0  clock_s32k1xx.o(i.CLOCK_SYS_GetSircFreq)
    CLOCK_SYS_GetSircFreq                    0x000009f5   Thumb Code    34  clock_s32k1xx.o(i.CLOCK_SYS_GetSircFreq)
    i.CLOCK_SYS_GetSysOscFreq                0x00000a24   Section        0  clock_s32k1xx.o(i.CLOCK_SYS_GetSysOscFreq)
    CLOCK_SYS_GetSysOscFreq                  0x00000a25   Thumb Code    20  clock_s32k1xx.o(i.CLOCK_SYS_GetSysOscFreq)
    i.CLOCK_SYS_GetSysPllFreq                0x00000a40   Section        0  clock_s32k1xx.o(i.CLOCK_SYS_GetSysPllFreq)
    CLOCK_SYS_GetSysPllFreq                  0x00000a41   Thumb Code    54  clock_s32k1xx.o(i.CLOCK_SYS_GetSysPllFreq)
    i.CLOCK_SYS_Init                         0x00000a7c   Section        0  clock_manager.o(i.CLOCK_SYS_Init)
    i.CLOCK_SYS_SetConfiguration             0x00000a94   Section        0  clock_s32k1xx.o(i.CLOCK_SYS_SetConfiguration)
    i.CLOCK_SYS_SetPccConfiguration          0x00000abc   Section        0  clock_s32k1xx.o(i.CLOCK_SYS_SetPccConfiguration)
    i.CLOCK_SYS_SetPmcConfiguration          0x00000b10   Section        0  clock_s32k1xx.o(i.CLOCK_SYS_SetPmcConfiguration)
    i.CLOCK_SYS_SetScgConfiguration          0x00000b4c   Section        0  clock_s32k1xx.o(i.CLOCK_SYS_SetScgConfiguration)
    i.CLOCK_SYS_SetSimConfiguration          0x00000c00   Section        0  clock_s32k1xx.o(i.CLOCK_SYS_SetSimConfiguration)
    i.CLOCK_SYS_SetSystemClockConfig         0x00000cfc   Section        0  clock_s32k1xx.o(i.CLOCK_SYS_SetSystemClockConfig)
    CLOCK_SYS_SetSystemClockConfig           0x00000cfd   Thumb Code   282  clock_s32k1xx.o(i.CLOCK_SYS_SetSystemClockConfig)
    i.CLOCK_SYS_TransitionSystemClock        0x00000e20   Section        0  clock_s32k1xx.o(i.CLOCK_SYS_TransitionSystemClock)
    CLOCK_SYS_TransitionSystemClock          0x00000e21   Thumb Code    50  clock_s32k1xx.o(i.CLOCK_SYS_TransitionSystemClock)
    i.CLOCK_SYS_UpdateConfiguration          0x00000e58   Section        0  clock_manager.o(i.CLOCK_SYS_UpdateConfiguration)
    i.DMA0_IRQHandler                        0x00000f3c   Section        0  edma_irq.o(i.DMA0_IRQHandler)
    i.DMA10_IRQHandler                       0x00000f42   Section        0  edma_irq.o(i.DMA10_IRQHandler)
    i.DMA11_IRQHandler                       0x00000f48   Section        0  edma_irq.o(i.DMA11_IRQHandler)
    i.DMA12_IRQHandler                       0x00000f4e   Section        0  edma_irq.o(i.DMA12_IRQHandler)
    i.DMA13_IRQHandler                       0x00000f54   Section        0  edma_irq.o(i.DMA13_IRQHandler)
    i.DMA14_IRQHandler                       0x00000f5a   Section        0  edma_irq.o(i.DMA14_IRQHandler)
    i.DMA15_IRQHandler                       0x00000f60   Section        0  edma_irq.o(i.DMA15_IRQHandler)
    i.DMA1_IRQHandler                        0x00000f66   Section        0  edma_irq.o(i.DMA1_IRQHandler)
    i.DMA2_IRQHandler                        0x00000f6c   Section        0  edma_irq.o(i.DMA2_IRQHandler)
    i.DMA3_IRQHandler                        0x00000f72   Section        0  edma_irq.o(i.DMA3_IRQHandler)
    i.DMA4_IRQHandler                        0x00000f78   Section        0  edma_irq.o(i.DMA4_IRQHandler)
    i.DMA5_IRQHandler                        0x00000f7e   Section        0  edma_irq.o(i.DMA5_IRQHandler)
    i.DMA6_IRQHandler                        0x00000f84   Section        0  edma_irq.o(i.DMA6_IRQHandler)
    i.DMA7_IRQHandler                        0x00000f8a   Section        0  edma_irq.o(i.DMA7_IRQHandler)
    i.DMA8_IRQHandler                        0x00000f90   Section        0  edma_irq.o(i.DMA8_IRQHandler)
    i.DMA9_IRQHandler                        0x00000f96   Section        0  edma_irq.o(i.DMA9_IRQHandler)
    i.DMA_Error_IRQHandler                   0x00000f9c   Section        0  edma_irq.o(i.DMA_Error_IRQHandler)
    i.EDMA_DRV_ConfigMultiBlockTransfer      0x00000fa0   Section        0  edma_driver.o(i.EDMA_DRV_ConfigMultiBlockTransfer)
    i.EDMA_DRV_ConfigSingleBlockTransfer     0x00000fe0   Section        0  edma_driver.o(i.EDMA_DRV_ConfigSingleBlockTransfer)
    i.EDMA_DRV_ErrorIRQHandler               0x00001090   Section        0  edma_driver.o(i.EDMA_DRV_ErrorIRQHandler)
    i.EDMA_DRV_IRQHandler                    0x000010e8   Section        0  edma_driver.o(i.EDMA_DRV_IRQHandler)
    i.EDMA_DRV_SetChannelRequest             0x00001110   Section        0  edma_driver.o(i.EDMA_DRV_SetChannelRequest)
    i.EDMA_DRV_SetSrcLastAddrAdjustment      0x00001128   Section        0  edma_driver.o(i.EDMA_DRV_SetSrcLastAddrAdjustment)
    i.EDMA_DRV_StartChannel                  0x0000113c   Section        0  edma_driver.o(i.EDMA_DRV_StartChannel)
    i.EDMA_DRV_StopChannel                   0x00001150   Section        0  edma_driver.o(i.EDMA_DRV_StopChannel)
    i.EDMA_SetDmaRequestCmd                  0x00001164   Section        0  edma_hw_access.o(i.EDMA_SetDmaRequestCmd)
    i.EDMA_TCDClearReg                       0x0000116e   Section        0  edma_hw_access.o(i.EDMA_TCDClearReg)
    i.EDMA_TCDSetAttribute                   0x00001190   Section        0  edma_hw_access.o(i.EDMA_TCDSetAttribute)
    i.EDMA_TCDSetDisableDmaRequestAfterTCDDoneCmd 0x000011ae   Section        0  edma_driver.o(i.EDMA_TCDSetDisableDmaRequestAfterTCDDoneCmd)
    EDMA_TCDSetDisableDmaRequestAfterTCDDoneCmd 0x000011af   Thumb Code    22  edma_driver.o(i.EDMA_TCDSetDisableDmaRequestAfterTCDDoneCmd)
    i.EDMA_TCDSetMajorCompleteIntCmd         0x000011c4   Section        0  edma_driver.o(i.EDMA_TCDSetMajorCompleteIntCmd)
    EDMA_TCDSetMajorCompleteIntCmd           0x000011c5   Thumb Code    22  edma_driver.o(i.EDMA_TCDSetMajorCompleteIntCmd)
    i.EDMA_TCDSetMajorCount                  0x000011da   Section        0  edma_hw_access.o(i.EDMA_TCDSetMajorCount)
    i.EDMA_TCDSetNbytes                      0x0000121a   Section        0  edma_hw_access.o(i.EDMA_TCDSetNbytes)
    i.FLEXCAN_ClearErrIntStatusFlag          0x0000124e   Section        0  flexcan_hw_access.o(i.FLEXCAN_ClearErrIntStatusFlag)
    i.FLEXCAN_ClearMsgBuffIntStatusFlag      0x0000125c   Section        0  flexcan_driver.o(i.FLEXCAN_ClearMsgBuffIntStatusFlag)
    FLEXCAN_ClearMsgBuffIntStatusFlag        0x0000125d   Thumb Code    16  flexcan_driver.o(i.FLEXCAN_ClearMsgBuffIntStatusFlag)
    i.FLEXCAN_CompleteRxMessageFifoData      0x0000126c   Section        0  flexcan_driver.o(i.FLEXCAN_CompleteRxMessageFifoData)
    FLEXCAN_CompleteRxMessageFifoData        0x0000126d   Thumb Code   128  flexcan_driver.o(i.FLEXCAN_CompleteRxMessageFifoData)
    i.FLEXCAN_CompleteTransfer               0x000012f4   Section        0  flexcan_driver.o(i.FLEXCAN_CompleteTransfer)
    FLEXCAN_CompleteTransfer                 0x000012f5   Thumb Code    58  flexcan_driver.o(i.FLEXCAN_CompleteTransfer)
    i.FLEXCAN_ComputePayloadSize             0x00001338   Section        0  flexcan_hw_access.o(i.FLEXCAN_ComputePayloadSize)
    FLEXCAN_ComputePayloadSize               0x00001339   Thumb Code    54  flexcan_hw_access.o(i.FLEXCAN_ComputePayloadSize)
    i.FLEXCAN_GetMsgBuff                     0x0000136e   Section        0  flexcan_hw_access.o(i.FLEXCAN_GetMsgBuff)
    i.FLEXCAN_GetMsgBuffIntStatusFlag        0x00001420   Section        0  flexcan_driver.o(i.FLEXCAN_GetMsgBuffIntStatusFlag)
    FLEXCAN_GetMsgBuffIntStatusFlag          0x00001421   Thumb Code    26  flexcan_driver.o(i.FLEXCAN_GetMsgBuffIntStatusFlag)
    i.FLEXCAN_GetMsgBuffRegion               0x0000143a   Section        0  flexcan_hw_access.o(i.FLEXCAN_GetMsgBuffRegion)
    FLEXCAN_GetMsgBuffRegion                 0x0000143b   Thumb Code    52  flexcan_hw_access.o(i.FLEXCAN_GetMsgBuffRegion)
    i.FLEXCAN_GetPayloadSize                 0x0000146e   Section        0  flexcan_hw_access.o(i.FLEXCAN_GetPayloadSize)
    i.FLEXCAN_IRQHandler                     0x0000148c   Section        0  flexcan_driver.o(i.FLEXCAN_IRQHandler)
    i.FLEXCAN_LockRxMsgBuff                  0x0000163c   Section        0  flexcan_hw_access.o(i.FLEXCAN_LockRxMsgBuff)
    i.FLEXCAN_ReadRxFifo                     0x0000165e   Section        0  flexcan_hw_access.o(i.FLEXCAN_ReadRxFifo)
    i.FLEXCAN_SetErrIntCmd                   0x000016aa   Section        0  flexcan_hw_access.o(i.FLEXCAN_SetErrIntCmd)
    i.FLEXCAN_SetMsgBuffIntCmd               0x000016ce   Section        0  flexcan_hw_access.o(i.FLEXCAN_SetMsgBuffIntCmd)
    i.FLEXCAN_WakeUpHandler                  0x00001700   Section        0  flexcan_driver.o(i.FLEXCAN_WakeUpHandler)
    i.INT_SYS_DisableIRQGlobal               0x00001784   Section        0  interrupt_manager.o(i.INT_SYS_DisableIRQGlobal)
    i.INT_SYS_EnableIRQGlobal                0x00001794   Section        0  interrupt_manager.o(i.INT_SYS_EnableIRQGlobal)
    i.IO_Write                               0x000017ac   Section        0  s32k.o(i.IO_Write)
    i.LPI2C0_Master_IRQHandler               0x000017d0   Section        0  lpi2c_irq.o(i.LPI2C0_Master_IRQHandler)
    i.LPI2C0_Slave_IRQHandler                0x000017d6   Section        0  lpi2c_irq.o(i.LPI2C0_Slave_IRQHandler)
    i.LPI2C_DRV_ConfigureDmaTransfer         0x000017dc   Section        0  lpi2c_driver.o(i.LPI2C_DRV_ConfigureDmaTransfer)
    LPI2C_DRV_ConfigureDmaTransfer           0x000017dd   Thumb Code    76  lpi2c_driver.o(i.LPI2C_DRV_ConfigureDmaTransfer)
    i.LPI2C_DRV_MasterCmdQueueEmpty          0x0000182c   Section        0  lpi2c_driver.o(i.LPI2C_DRV_MasterCmdQueueEmpty)
    LPI2C_DRV_MasterCmdQueueEmpty            0x0000182d   Thumb Code    16  lpi2c_driver.o(i.LPI2C_DRV_MasterCmdQueueEmpty)
    i.LPI2C_DRV_MasterEndTransfer            0x0000183c   Section        0  lpi2c_driver.o(i.LPI2C_DRV_MasterEndTransfer)
    LPI2C_DRV_MasterEndTransfer              0x0000183d   Thumb Code    94  lpi2c_driver.o(i.LPI2C_DRV_MasterEndTransfer)
    i.LPI2C_DRV_MasterHandleReceiveDataReadyEvent 0x0000189a   Section        0  lpi2c_driver.o(i.LPI2C_DRV_MasterHandleReceiveDataReadyEvent)
    LPI2C_DRV_MasterHandleReceiveDataReadyEvent 0x0000189b   Thumb Code   132  lpi2c_driver.o(i.LPI2C_DRV_MasterHandleReceiveDataReadyEvent)
    i.LPI2C_DRV_MasterHandleTransmitDataRequest 0x0000191e   Section        0  lpi2c_driver.o(i.LPI2C_DRV_MasterHandleTransmitDataRequest)
    LPI2C_DRV_MasterHandleTransmitDataRequest 0x0000191f   Thumb Code   190  lpi2c_driver.o(i.LPI2C_DRV_MasterHandleTransmitDataRequest)
    i.LPI2C_DRV_MasterIRQHandler             0x000019dc   Section        0  lpi2c_driver.o(i.LPI2C_DRV_MasterIRQHandler)
    i.LPI2C_DRV_MasterQueueData              0x00001ad4   Section        0  lpi2c_driver.o(i.LPI2C_DRV_MasterQueueData)
    LPI2C_DRV_MasterQueueData                0x00001ad5   Thumb Code    70  lpi2c_driver.o(i.LPI2C_DRV_MasterQueueData)
    i.LPI2C_DRV_SlaveEndTransfer             0x00001b1a   Section        0  lpi2c_driver.o(i.LPI2C_DRV_SlaveEndTransfer)
    LPI2C_DRV_SlaveEndTransfer               0x00001b1b   Thumb Code    68  lpi2c_driver.o(i.LPI2C_DRV_SlaveEndTransfer)
    i.LPI2C_DRV_SlaveHandleAddressValidEvent 0x00001b60   Section        0  lpi2c_driver.o(i.LPI2C_DRV_SlaveHandleAddressValidEvent)
    LPI2C_DRV_SlaveHandleAddressValidEvent   0x00001b61   Thumb Code    90  lpi2c_driver.o(i.LPI2C_DRV_SlaveHandleAddressValidEvent)
    i.LPI2C_DRV_SlaveIRQHandler              0x00001bc0   Section        0  lpi2c_driver.o(i.LPI2C_DRV_SlaveIRQHandler)
    i.LPI2C_DRV_SlaveStartDmaTransfer        0x00001dcc   Section        0  lpi2c_driver.o(i.LPI2C_DRV_SlaveStartDmaTransfer)
    LPI2C_DRV_SlaveStartDmaTransfer          0x00001dcd   Thumb Code   130  lpi2c_driver.o(i.LPI2C_DRV_SlaveStartDmaTransfer)
    i.LPI2C_Get_MasterTxFIFOSize             0x00001e58   Section        0  lpi2c_driver.o(i.LPI2C_Get_MasterTxFIFOSize)
    LPI2C_Get_MasterTxFIFOSize               0x00001e59   Thumb Code    14  lpi2c_driver.o(i.LPI2C_Get_MasterTxFIFOSize)
    i.LPI2C_Get_SlaveInt                     0x00001e66   Section        0  lpi2c_driver.o(i.LPI2C_Get_SlaveInt)
    LPI2C_Get_SlaveInt                       0x00001e67   Thumb Code    14  lpi2c_driver.o(i.LPI2C_Get_SlaveInt)
    i.LPI2C_Set_MasterInt                    0x00001e74   Section        0  lpi2c_driver.o(i.LPI2C_Set_MasterInt)
    LPI2C_Set_MasterInt                      0x00001e75   Thumb Code    14  lpi2c_driver.o(i.LPI2C_Set_MasterInt)
    i.LPI2C_Set_SlaveInt                     0x00001e82   Section        0  lpi2c_driver.o(i.LPI2C_Set_SlaveInt)
    LPI2C_Set_SlaveInt                       0x00001e83   Thumb Code    18  lpi2c_driver.o(i.LPI2C_Set_SlaveInt)
    i.OSIF_SemaPost                          0x00001e94   Section        0  osif_baremetal.o(i.OSIF_SemaPost)
    i.PCC_SetClockMode                       0x00001eb8   Section        0  clock_s32k1xx.o(i.PCC_SetClockMode)
    PCC_SetClockMode                         0x00001eb9   Thumb Code    30  clock_s32k1xx.o(i.PCC_SetClockMode)
    i.PCC_SetPeripheralClockControl          0x00001edc   Section        0  clock_s32k1xx.o(i.PCC_SetPeripheralClockControl)
    PCC_SetPeripheralClockControl            0x00001edd   Thumb Code    44  clock_s32k1xx.o(i.PCC_SetPeripheralClockControl)
    i.SIM_SetLpoClocks                       0x00001f0c   Section        0  clock_s32k1xx.o(i.SIM_SetLpoClocks)
    SIM_SetLpoClocks                         0x00001f0d   Thumb Code    36  clock_s32k1xx.o(i.SIM_SetLpoClocks)
    i.SysTick_Handler                        0x00001f30   Section        0  osif_baremetal.o(i.SysTick_Handler)
    i.SystemInit                             0x00001f40   Section        0  system_s32k144.o(i.SystemInit)
    i._DI                                    0x00001f7c   Section        0  s32k.o(i._DI)
    i._EI                                    0x00001f80   Section        0  s32k.o(i._EI)
    i.__0printf$8                            0x00001f84   Section        0  printf8.o(i.__0printf$8)
    i.__0snprintf$8                          0x00001fa4   Section        0  printf8.o(i.__0snprintf$8)
    i.__scatterload_copy                     0x00001fd4   Section       14  handlers.o(i.__scatterload_copy)
    i.__scatterload_null                     0x00001fe2   Section        2  handlers.o(i.__scatterload_null)
    i.__scatterload_zeroinit                 0x00001fe4   Section       14  handlers.o(i.__scatterload_zeroinit)
    i._printf_core                           0x00001ff4   Section        0  printf8.o(i._printf_core)
    _printf_core                             0x00001ff5   Thumb Code   996  printf8.o(i._printf_core)
    i._printf_post_padding                   0x00002404   Section        0  printf8.o(i._printf_post_padding)
    _printf_post_padding                     0x00002405   Thumb Code    36  printf8.o(i._printf_post_padding)
    i._printf_pre_padding                    0x00002428   Section        0  printf8.o(i._printf_pre_padding)
    _printf_pre_padding                      0x00002429   Thumb Code    46  printf8.o(i._printf_pre_padding)
    i._snputc                                0x00002456   Section        0  printf8.o(i._snputc)
    _snputc                                  0x00002457   Thumb Code    22  printf8.o(i._snputc)
    i.fputc                                  0x0000246c   Section        0  s32k.o(i.fputc)
    i.init_data_bss                          0x000024d8   Section        0  startup.o(i.init_data_bss)
    i.main                                   0x00002514   Section        0  main.o(i.main)
    i.sysinit                                0x00002524   Section        0  timer.o(i.sysinit)
    .constdata                               0x00002548   Section      345  clock_s32k1xx.o(.constdata)
    sircRangeMappings                        0x00002548   Data           2  clock_s32k1xx.o(.constdata)
    soscRefMappings                          0x0000254a   Data           2  clock_s32k1xx.o(.constdata)
    soscRangeMappings                        0x0000254c   Data           3  clock_s32k1xx.o(.constdata)
    sysClkSrcMappings                        0x0000254f   Data           4  clock_s32k1xx.o(.constdata)
    fircRangeMappings                        0x00002553   Data           4  clock_s32k1xx.o(.constdata)
    sysClkSrcMappings                        0x00002557   Data           7  clock_s32k1xx.o(.constdata)
    maxClocksFreq                            0x0000264c   Data          36  clock_s32k1xx.o(.constdata)
    fircFreq                                 0x00002670   Data          16  clock_s32k1xx.o(.constdata)
    sysClkDivMappings                        0x00002680   Data          16  clock_s32k1xx.o(.constdata)
    sysClkDivMappings                        0x00002690   Data          17  clock_s32k1xx.o(.constdata)
    .constdata                               0x000026a4   Section       12  lpi2c_driver.o(.constdata)
    .constdata                               0x000026b0   Section       48  flexcan_driver.o(.constdata)
    g_flexcanWakeUpIrqId                     0x000026b0   Data           3  flexcan_driver.o(.constdata)
    g_flexcanErrorIrqId                      0x000026b3   Data           3  flexcan_driver.o(.constdata)
    g_flexcanBusOffIrqId                     0x000026b6   Data           3  flexcan_driver.o(.constdata)
    g_flexcanOredMessageBufferIrqId          0x000026b9   Data           6  flexcan_driver.o(.constdata)
    g_flexcanBase                            0x000026c0   Data          12  flexcan_driver.o(.constdata)
    .data                                    0x1fff8400   Section        1  main.o(.data)
    .data                                    0x1fff8404   Section        8  clock_s32k1xx.o(.data)
    .data                                    0x1fff840c   Section        4  interrupt_manager.o(.data)
    g_interruptDisableCount                  0x1fff840c   Data           4  interrupt_manager.o(.data)
    .data                                    0x1fff8410   Section        4  osif_baremetal.o(.data)
    .data                                    0x1fff8414   Section        4  edma_driver.o(.data)
    s_edma                                   0x1fff8414   Data           4  edma_driver.o(.data)
    .data                                    0x1fff8418   Section        8  lpi2c_driver.o(.data)
    .data                                    0x1fff8420   Section       70  clockman1.o(.data)
    .data                                    0x1fff8468   Section      120  clockman1.o(.data)
    .data                                    0x1fff84e0   Section        4  clockman1.o(.data)
    .data                                    0x1fff84e4   Section        4  clockman1.o(.data)
    .data                                    0x1fff84e8   Section        4  stdout.o(.data)
    .bss                                     0x1fff84ec   Section       16  clock_manager.o(.bss)
    g_clockState                             0x1fff84ec   Data          16  clock_manager.o(.bss)
    .bss                                     0x1fff84fc   Section       12  clock_s32k1xx.o(.bss)
    .bss                                     0x1fff8508   Section       12  flexcan_driver.o(.bss)
    g_flexcanStatePtr                        0x1fff8508   Data          12  flexcan_driver.o(.bss)

    Global Symbols

    Symbol Name                              Value     Ov Type        Size  Object(Section)

    BuildAttributes$$THM_ISAv4$E$P$D$K$B$S$7EM$VFPi3$EXTD16$VFPS$VFMA$PE$A:L22UL41UL21$X:L11$S22US41US21$IEEE1$IW$USESV6$~STKCKD$USESV7$~SHL$OSPACE$ROPI$EBA8$MICROLIB$REQ8$PRES8$EABIv2 0x00000000   Number         0  anon$$obj.o ABSOLUTE
    Image$$VECTOR_ROM$$Base                  0x00000000   Number         0  anon$$obj.o ABSOLUTE
    __ARM_use_no_argv                        0x00000000   Number         0  main.o ABSOLUTE
    __Vectors                                0x00000000   Data           4  startup_s32k144.o(RESET)
    _printf_a                                0x00000000   Number         0  stubs.o ABSOLUTE
    _printf_c                                0x00000000   Number         0  stubs.o ABSOLUTE
    _printf_charcount                        0x00000000   Number         0  stubs.o ABSOLUTE
    _printf_d                                0x00000000   Number         0  stubs.o ABSOLUTE
    _printf_e                                0x00000000   Number         0  stubs.o ABSOLUTE
    _printf_f                                0x00000000   Number         0  stubs.o ABSOLUTE
    _printf_flags                            0x00000000   Number         0  stubs.o ABSOLUTE
    _printf_fp_dec                           0x00000000   Number         0  stubs.o ABSOLUTE
    _printf_fp_hex                           0x00000000   Number         0  stubs.o ABSOLUTE
    _printf_g                                0x00000000   Number         0  stubs.o ABSOLUTE
    _printf_i                                0x00000000   Number         0  stubs.o ABSOLUTE
    _printf_int_dec                          0x00000000   Number         0  stubs.o ABSOLUTE
    _printf_l                                0x00000000   Number         0  stubs.o ABSOLUTE
    _printf_lc                               0x00000000   Number         0  stubs.o ABSOLUTE
    _printf_ll                               0x00000000   Number         0  stubs.o ABSOLUTE
    _printf_lld                              0x00000000   Number         0  stubs.o ABSOLUTE
    _printf_lli                              0x00000000   Number         0  stubs.o ABSOLUTE
    _printf_llo                              0x00000000   Number         0  stubs.o ABSOLUTE
    _printf_llu                              0x00000000   Number         0  stubs.o ABSOLUTE
    _printf_llx                              0x00000000   Number         0  stubs.o ABSOLUTE
    _printf_longlong_dec                     0x00000000   Number         0  stubs.o ABSOLUTE
    _printf_longlong_hex                     0x00000000   Number         0  stubs.o ABSOLUTE
    _printf_longlong_oct                     0x00000000   Number         0  stubs.o ABSOLUTE
    _printf_ls                               0x00000000   Number         0  stubs.o ABSOLUTE
    _printf_mbtowc                           0x00000000   Number         0  stubs.o ABSOLUTE
    _printf_n                                0x00000000   Number         0  stubs.o ABSOLUTE
    _printf_o                                0x00000000   Number         0  stubs.o ABSOLUTE
    _printf_p                                0x00000000   Number         0  stubs.o ABSOLUTE
    _printf_percent                          0x00000000   Number         0  stubs.o ABSOLUTE
    _printf_pre_padding                      0x00000000   Number         0  stubs.o ABSOLUTE
    _printf_return_value                     0x00000000   Number         0  stubs.o ABSOLUTE
    _printf_s                                0x00000000   Number         0  stubs.o ABSOLUTE
    _printf_sizespec                         0x00000000   Number         0  stubs.o ABSOLUTE
    _printf_str                              0x00000000   Number         0  stubs.o ABSOLUTE
    _printf_truncate_signed                  0x00000000   Number         0  stubs.o ABSOLUTE
    _printf_truncate_unsigned                0x00000000   Number         0  stubs.o ABSOLUTE
    _printf_u                                0x00000000   Number         0  stubs.o ABSOLUTE
    _printf_wc                               0x00000000   Number         0  stubs.o ABSOLUTE
    _printf_wctomb                           0x00000000   Number         0  stubs.o ABSOLUTE
    _printf_widthprec                        0x00000000   Number         0  stubs.o ABSOLUTE
    _printf_x                                0x00000000   Number         0  stubs.o ABSOLUTE
    __cpp_initialize__aeabi_                  - Undefined Weak Reference
    __cxa_finalize                            - Undefined Weak Reference
    __decompress                              - Undefined Weak Reference
    _clock_init                               - Undefined Weak Reference
    _microlib_exit                            - Undefined Weak Reference
    __Vectors_End                            0x00000400   Data           0  startup_s32k144.o(RESET)
    __Vectors_Size                           0x00000400   Number         0  startup_s32k144.o ABSOLUTE
    __main                                   0x00000411   Thumb Code     0  entry.o(.ARM.Collect$$$$00000000)
    _main_stk                                0x00000411   Thumb Code     0  entry4.o(.ARM.Collect$$$$00000003)
    _main_scatterload                        0x00000415   Thumb Code     0  entry5.o(.ARM.Collect$$$$00000004)
    __main_after_scatterload                 0x00000419   Thumb Code     0  entry5.o(.ARM.Collect$$$$00000004)
    _main_clock                              0x00000419   Thumb Code     0  entry7b.o(.ARM.Collect$$$$00000008)
    _main_cpp_init                           0x00000419   Thumb Code     0  entry8b.o(.ARM.Collect$$$$0000000A)
    _main_init                               0x00000419   Thumb Code     0  entry9a.o(.ARM.Collect$$$$0000000B)
    __rt_final_cpp                           0x00000421   Thumb Code     0  entry10a.o(.ARM.Collect$$$$0000000D)
    __rt_final_exit                          0x00000421   Thumb Code     0  entry11a.o(.ARM.Collect$$$$0000000F)
    Reset_Handler                            0x00000425   Thumb Code    18  startup_s32k144.o(.text)
    NMI_Handler                              0x00000437   Thumb Code     2  startup_s32k144.o(.text)
    HardFault_Handler                        0x00000439   Thumb Code     2  startup_s32k144.o(.text)
    MemManage_Handler                        0x0000043b   Thumb Code     2  startup_s32k144.o(.text)
    BusFault_Handler                         0x0000043d   Thumb Code     2  startup_s32k144.o(.text)
    UsageFault_Handler                       0x0000043f   Thumb Code     2  startup_s32k144.o(.text)
    SVC_Handler                              0x00000441   Thumb Code     2  startup_s32k144.o(.text)
    DebugMon_Handler                         0x00000443   Thumb Code     2  startup_s32k144.o(.text)
    PendSV_Handler                           0x00000445   Thumb Code     2  startup_s32k144.o(.text)
    ADC0_IRQHandler                          0x00000449   Thumb Code     0  startup_s32k144.o(.text)
    ADC1_IRQHandler                          0x00000449   Thumb Code     0  startup_s32k144.o(.text)
    CMP0_IRQHandler                          0x00000449   Thumb Code     0  startup_s32k144.o(.text)
    DefaultISR                               0x00000449   Thumb Code     0  startup_s32k144.o(.text)
    ERM_double_fault_IRQHandler              0x00000449   Thumb Code     0  startup_s32k144.o(.text)
    ERM_single_fault_IRQHandler              0x00000449   Thumb Code     0  startup_s32k144.o(.text)
    FLEXIO_IRQHandler                        0x00000449   Thumb Code     0  startup_s32k144.o(.text)
    FTFC_Fault_IRQHandler                    0x00000449   Thumb Code     0  startup_s32k144.o(.text)
    FTFC_IRQHandler                          0x00000449   Thumb Code     0  startup_s32k144.o(.text)
    FTM0_Ch0_Ch1_IRQHandler                  0x00000449   Thumb Code     0  startup_s32k144.o(.text)
    FTM0_Ch2_Ch3_IRQHandler                  0x00000449   Thumb Code     0  startup_s32k144.o(.text)
    FTM0_Ch4_Ch5_IRQHandler                  0x00000449   Thumb Code     0  startup_s32k144.o(.text)
    FTM0_Ch6_Ch7_IRQHandler                  0x00000449   Thumb Code     0  startup_s32k144.o(.text)
    FTM0_Fault_IRQHandler                    0x00000449   Thumb Code     0  startup_s32k144.o(.text)
    FTM0_Ovf_Reload_IRQHandler               0x00000449   Thumb Code     0  startup_s32k144.o(.text)
    FTM1_Ch0_Ch1_IRQHandler                  0x00000449   Thumb Code     0  startup_s32k144.o(.text)
    FTM1_Ch2_Ch3_IRQHandler                  0x00000449   Thumb Code     0  startup_s32k144.o(.text)
    FTM1_Ch4_Ch5_IRQHandler                  0x00000449   Thumb Code     0  startup_s32k144.o(.text)
    FTM1_Ch6_Ch7_IRQHandler                  0x00000449   Thumb Code     0  startup_s32k144.o(.text)
    FTM1_Fault_IRQHandler                    0x00000449   Thumb Code     0  startup_s32k144.o(.text)
    FTM1_Ovf_Reload_IRQHandler               0x00000449   Thumb Code     0  startup_s32k144.o(.text)
    FTM2_Ch0_Ch1_IRQHandler                  0x00000449   Thumb Code     0  startup_s32k144.o(.text)
    FTM2_Ch2_Ch3_IRQHandler                  0x00000449   Thumb Code     0  startup_s32k144.o(.text)
    FTM2_Ch4_Ch5_IRQHandler                  0x00000449   Thumb Code     0  startup_s32k144.o(.text)
    FTM2_Ch6_Ch7_IRQHandler                  0x00000449   Thumb Code     0  startup_s32k144.o(.text)
    FTM2_Fault_IRQHandler                    0x00000449   Thumb Code     0  startup_s32k144.o(.text)
    FTM2_Ovf_Reload_IRQHandler               0x00000449   Thumb Code     0  startup_s32k144.o(.text)
    FTM3_Ch0_Ch1_IRQHandler                  0x00000449   Thumb Code     0  startup_s32k144.o(.text)
    FTM3_Ch2_Ch3_IRQHandler                  0x00000449   Thumb Code     0  startup_s32k144.o(.text)
    FTM3_Ch4_Ch5_IRQHandler                  0x00000449   Thumb Code     0  startup_s32k144.o(.text)
    FTM3_Ch6_Ch7_IRQHandler                  0x00000449   Thumb Code     0  startup_s32k144.o(.text)
    FTM3_Fault_IRQHandler                    0x00000449   Thumb Code     0  startup_s32k144.o(.text)
    FTM3_Ovf_Reload_IRQHandler               0x00000449   Thumb Code     0  startup_s32k144.o(.text)
    LPIT0_Ch0_IRQHandler                     0x00000449   Thumb Code     0  startup_s32k144.o(.text)
    LPIT0_Ch1_IRQHandler                     0x00000449   Thumb Code     0  startup_s32k144.o(.text)
    LPIT0_Ch2_IRQHandler                     0x00000449   Thumb Code     0  startup_s32k144.o(.text)
    LPIT0_Ch3_IRQHandler                     0x00000449   Thumb Code     0  startup_s32k144.o(.text)
    LPSPI0_IRQHandler                        0x00000449   Thumb Code     0  startup_s32k144.o(.text)
    LPSPI1_IRQHandler                        0x00000449   Thumb Code     0  startup_s32k144.o(.text)
    LPSPI2_IRQHandler                        0x00000449   Thumb Code     0  startup_s32k144.o(.text)
    LPTMR0_IRQHandler                        0x00000449   Thumb Code     0  startup_s32k144.o(.text)
    LPUART0_RxTx_IRQHandler                  0x00000449   Thumb Code     0  startup_s32k144.o(.text)
    LPUART1_RxTx_IRQHandler                  0x00000449   Thumb Code     0  startup_s32k144.o(.text)
    LPUART2_RxTx_IRQHandler                  0x00000449   Thumb Code     0  startup_s32k144.o(.text)
    LVD_LVW_IRQHandler                       0x00000449   Thumb Code     0  startup_s32k144.o(.text)
    MCM_IRQHandler                           0x00000449   Thumb Code     0  startup_s32k144.o(.text)
    PDB0_IRQHandler                          0x00000449   Thumb Code     0  startup_s32k144.o(.text)
    PDB1_IRQHandler                          0x00000449   Thumb Code     0  startup_s32k144.o(.text)
    PORTA_IRQHandler                         0x00000449   Thumb Code     0  startup_s32k144.o(.text)
    PORTB_IRQHandler                         0x00000449   Thumb Code     0  startup_s32k144.o(.text)
    PORTC_IRQHandler                         0x00000449   Thumb Code     0  startup_s32k144.o(.text)
    PORTD_IRQHandler                         0x00000449   Thumb Code     0  startup_s32k144.o(.text)
    PORTE_IRQHandler                         0x00000449   Thumb Code     0  startup_s32k144.o(.text)
    RCM_IRQHandler                           0x00000449   Thumb Code     0  startup_s32k144.o(.text)
    RTC_IRQHandler                           0x00000449   Thumb Code     0  startup_s32k144.o(.text)
    RTC_Seconds_IRQHandler                   0x00000449   Thumb Code     0  startup_s32k144.o(.text)
    Read_Collision_IRQHandler                0x00000449   Thumb Code     0  startup_s32k144.o(.text)
    Reserved100_IRQHandler                   0x00000449   Thumb Code     0  startup_s32k144.o(.text)
    Reserved103_IRQHandler                   0x00000449   Thumb Code     0  startup_s32k144.o(.text)
    Reserved105_IRQHandler                   0x00000449   Thumb Code     0  startup_s32k144.o(.text)
    Reserved106_IRQHandler                   0x00000449   Thumb Code     0  startup_s32k144.o(.text)
    Reserved107_IRQHandler                   0x00000449   Thumb Code     0  startup_s32k144.o(.text)
    Reserved110_IRQHandler                   0x00000449   Thumb Code     0  startup_s32k144.o(.text)
    Reserved112_IRQHandler                   0x00000449   Thumb Code     0  startup_s32k144.o(.text)
    Reserved113_IRQHandler                   0x00000449   Thumb Code     0  startup_s32k144.o(.text)
    Reserved114_IRQHandler                   0x00000449   Thumb Code     0  startup_s32k144.o(.text)
    Reserved45_IRQHandler                    0x00000449   Thumb Code     0  startup_s32k144.o(.text)
    Reserved46_IRQHandler                    0x00000449   Thumb Code     0  startup_s32k144.o(.text)
    Reserved48_IRQHandler                    0x00000449   Thumb Code     0  startup_s32k144.o(.text)
    Reserved50_IRQHandler                    0x00000449   Thumb Code     0  startup_s32k144.o(.text)
    Reserved52_IRQHandler                    0x00000449   Thumb Code     0  startup_s32k144.o(.text)
    Reserved53_IRQHandler                    0x00000449   Thumb Code     0  startup_s32k144.o(.text)
    Reserved54_IRQHandler                    0x00000449   Thumb Code     0  startup_s32k144.o(.text)
    Reserved58_IRQHandler                    0x00000449   Thumb Code     0  startup_s32k144.o(.text)
    Reserved59_IRQHandler                    0x00000449   Thumb Code     0  startup_s32k144.o(.text)
    Reserved69_IRQHandler                    0x00000449   Thumb Code     0  startup_s32k144.o(.text)
    Reserved70_IRQHandler                    0x00000449   Thumb Code     0  startup_s32k144.o(.text)
    Reserved71_IRQHandler                    0x00000449   Thumb Code     0  startup_s32k144.o(.text)
    Reserved72_IRQHandler                    0x00000449   Thumb Code     0  startup_s32k144.o(.text)
    Reserved81_IRQHandler                    0x00000449   Thumb Code     0  startup_s32k144.o(.text)
    Reserved82_IRQHandler                    0x00000449   Thumb Code     0  startup_s32k144.o(.text)
    Reserved83_IRQHandler                    0x00000449   Thumb Code     0  startup_s32k144.o(.text)
    Reserved86_IRQHandler                    0x00000449   Thumb Code     0  startup_s32k144.o(.text)
    Reserved87_IRQHandler                    0x00000449   Thumb Code     0  startup_s32k144.o(.text)
    Reserved88_IRQHandler                    0x00000449   Thumb Code     0  startup_s32k144.o(.text)
    Reserved89_IRQHandler                    0x00000449   Thumb Code     0  startup_s32k144.o(.text)
    Reserved90_IRQHandler                    0x00000449   Thumb Code     0  startup_s32k144.o(.text)
    Reserved91_IRQHandler                    0x00000449   Thumb Code     0  startup_s32k144.o(.text)
    Reserved92_IRQHandler                    0x00000449   Thumb Code     0  startup_s32k144.o(.text)
    Reserved93_IRQHandler                    0x00000449   Thumb Code     0  startup_s32k144.o(.text)
    Reserved99_IRQHandler                    0x00000449   Thumb Code     0  startup_s32k144.o(.text)
    SCG_IRQHandler                           0x00000449   Thumb Code     0  startup_s32k144.o(.text)
    SWI_IRQHandler                           0x00000449   Thumb Code     0  startup_s32k144.o(.text)
    WDOG_EWM_IRQHandler                      0x00000449   Thumb Code     0  startup_s32k144.o(.text)
    __aeabi_uldivmod                         0x0000045d   Thumb Code    98  uldiv.o(.text)
    __scatterload                            0x000004c1   Thumb Code    28  init.o(.text)
    __scatterload_rt2                        0x000004c1   Thumb Code     0  init.o(.text)
    __aeabi_llsl                             0x000004e5   Thumb Code    30  llshl.o(.text)
    _ll_shift_l                              0x000004e5   Thumb Code     0  llshl.o(.text)
    __aeabi_llsr                             0x00000503   Thumb Code    32  llushr.o(.text)
    _ll_ushift_r                             0x00000503   Thumb Code     0  llushr.o(.text)
    CAN0_Error_IRQHandler                    0x00000523   Thumb Code     6  flexcan_irq.o(i.CAN0_Error_IRQHandler)
    CAN0_ORed_0_15_MB_IRQHandler             0x00000529   Thumb Code     6  flexcan_irq.o(i.CAN0_ORed_0_15_MB_IRQHandler)
    CAN0_ORed_16_31_MB_IRQHandler            0x0000052f   Thumb Code     6  flexcan_irq.o(i.CAN0_ORed_16_31_MB_IRQHandler)
    CAN0_ORed_IRQHandler                     0x00000535   Thumb Code     6  flexcan_irq.o(i.CAN0_ORed_IRQHandler)
    CAN0_Wake_Up_IRQHandler                  0x0000053b   Thumb Code     6  flexcan_irq.o(i.CAN0_Wake_Up_IRQHandler)
    CAN1_Error_IRQHandler                    0x00000541   Thumb Code     6  flexcan_irq.o(i.CAN1_Error_IRQHandler)
    CAN1_ORed_0_15_MB_IRQHandler             0x00000547   Thumb Code     6  flexcan_irq.o(i.CAN1_ORed_0_15_MB_IRQHandler)
    CAN1_ORed_IRQHandler                     0x0000054d   Thumb Code     6  flexcan_irq.o(i.CAN1_ORed_IRQHandler)
    CAN2_Error_IRQHandler                    0x00000553   Thumb Code     6  flexcan_irq.o(i.CAN2_Error_IRQHandler)
    CAN2_ORed_0_15_MB_IRQHandler             0x00000559   Thumb Code     6  flexcan_irq.o(i.CAN2_ORed_0_15_MB_IRQHandler)
    CAN2_ORed_IRQHandler                     0x0000055f   Thumb Code     6  flexcan_irq.o(i.CAN2_ORed_IRQHandler)
    CLOCK_SYS_Init                           0x00000a7d   Thumb Code    18  clock_manager.o(i.CLOCK_SYS_Init)
    CLOCK_SYS_SetConfiguration               0x00000a95   Thumb Code    40  clock_s32k1xx.o(i.CLOCK_SYS_SetConfiguration)
    CLOCK_SYS_SetPccConfiguration            0x00000abd   Thumb Code    78  clock_s32k1xx.o(i.CLOCK_SYS_SetPccConfiguration)
    CLOCK_SYS_SetPmcConfiguration            0x00000b11   Thumb Code    56  clock_s32k1xx.o(i.CLOCK_SYS_SetPmcConfiguration)
    CLOCK_SYS_SetScgConfiguration            0x00000b4d   Thumb Code   172  clock_s32k1xx.o(i.CLOCK_SYS_SetScgConfiguration)
    CLOCK_SYS_SetSimConfiguration            0x00000c01   Thumb Code   242  clock_s32k1xx.o(i.CLOCK_SYS_SetSimConfiguration)
    CLOCK_SYS_UpdateConfiguration            0x00000e59   Thumb Code   224  clock_manager.o(i.CLOCK_SYS_UpdateConfiguration)
    DMA0_IRQHandler                          0x00000f3d   Thumb Code     6  edma_irq.o(i.DMA0_IRQHandler)
    DMA10_IRQHandler                         0x00000f43   Thumb Code     6  edma_irq.o(i.DMA10_IRQHandler)
    DMA11_IRQHandler                         0x00000f49   Thumb Code     6  edma_irq.o(i.DMA11_IRQHandler)
    DMA12_IRQHandler                         0x00000f4f   Thumb Code     6  edma_irq.o(i.DMA12_IRQHandler)
    DMA13_IRQHandler                         0x00000f55   Thumb Code     6  edma_irq.o(i.DMA13_IRQHandler)
    DMA14_IRQHandler                         0x00000f5b   Thumb Code     6  edma_irq.o(i.DMA14_IRQHandler)
    DMA15_IRQHandler                         0x00000f61   Thumb Code     6  edma_irq.o(i.DMA15_IRQHandler)
    DMA1_IRQHandler                          0x00000f67   Thumb Code     6  edma_irq.o(i.DMA1_IRQHandler)
    DMA2_IRQHandler                          0x00000f6d   Thumb Code     6  edma_irq.o(i.DMA2_IRQHandler)
    DMA3_IRQHandler                          0x00000f73   Thumb Code     6  edma_irq.o(i.DMA3_IRQHandler)
    DMA4_IRQHandler                          0x00000f79   Thumb Code     6  edma_irq.o(i.DMA4_IRQHandler)
    DMA5_IRQHandler                          0x00000f7f   Thumb Code     6  edma_irq.o(i.DMA5_IRQHandler)
    DMA6_IRQHandler                          0x00000f85   Thumb Code     6  edma_irq.o(i.DMA6_IRQHandler)
    DMA7_IRQHandler                          0x00000f8b   Thumb Code     6  edma_irq.o(i.DMA7_IRQHandler)
    DMA8_IRQHandler                          0x00000f91   Thumb Code     6  edma_irq.o(i.DMA8_IRQHandler)
    DMA9_IRQHandler                          0x00000f97   Thumb Code     6  edma_irq.o(i.DMA9_IRQHandler)
    DMA_Error_IRQHandler                     0x00000f9d   Thumb Code     4  edma_irq.o(i.DMA_Error_IRQHandler)
    EDMA_DRV_ConfigMultiBlockTransfer        0x00000fa1   Thumb Code    60  edma_driver.o(i.EDMA_DRV_ConfigMultiBlockTransfer)
    EDMA_DRV_ConfigSingleBlockTransfer       0x00000fe1   Thumb Code   172  edma_driver.o(i.EDMA_DRV_ConfigSingleBlockTransfer)
    EDMA_DRV_ErrorIRQHandler                 0x00001091   Thumb Code    78  edma_driver.o(i.EDMA_DRV_ErrorIRQHandler)
    EDMA_DRV_IRQHandler                      0x000010e9   Thumb Code    32  edma_driver.o(i.EDMA_DRV_IRQHandler)
    EDMA_DRV_SetChannelRequest               0x00001111   Thumb Code    20  edma_driver.o(i.EDMA_DRV_SetChannelRequest)
    EDMA_DRV_SetSrcLastAddrAdjustment        0x00001129   Thumb Code    14  edma_driver.o(i.EDMA_DRV_SetSrcLastAddrAdjustment)
    EDMA_DRV_StartChannel                    0x0000113d   Thumb Code    16  edma_driver.o(i.EDMA_DRV_StartChannel)
    EDMA_DRV_StopChannel                     0x00001151   Thumb Code    16  edma_driver.o(i.EDMA_DRV_StopChannel)
    EDMA_SetDmaRequestCmd                    0x00001165   Thumb Code    10  edma_hw_access.o(i.EDMA_SetDmaRequestCmd)
    EDMA_TCDClearReg                         0x0000116f   Thumb Code    34  edma_hw_access.o(i.EDMA_TCDClearReg)
    EDMA_TCDSetAttribute                     0x00001191   Thumb Code    30  edma_hw_access.o(i.EDMA_TCDSetAttribute)
    EDMA_TCDSetMajorCount                    0x000011db   Thumb Code    64  edma_hw_access.o(i.EDMA_TCDSetMajorCount)
    EDMA_TCDSetNbytes                        0x0000121b   Thumb Code    52  edma_hw_access.o(i.EDMA_TCDSetNbytes)
    FLEXCAN_ClearErrIntStatusFlag            0x0000124f   Thumb Code    14  flexcan_hw_access.o(i.FLEXCAN_ClearErrIntStatusFlag)
    FLEXCAN_GetMsgBuff                       0x0000136f   Thumb Code   178  flexcan_hw_access.o(i.FLEXCAN_GetMsgBuff)
    FLEXCAN_GetPayloadSize                   0x0000146f   Thumb Code    30  flexcan_hw_access.o(i.FLEXCAN_GetPayloadSize)
    FLEXCAN_IRQHandler                       0x0000148d   Thumb Code   300  flexcan_driver.o(i.FLEXCAN_IRQHandler)
    FLEXCAN_LockRxMsgBuff                    0x0000163d   Thumb Code    34  flexcan_hw_access.o(i.FLEXCAN_LockRxMsgBuff)
    FLEXCAN_ReadRxFifo                       0x0000165f   Thumb Code    76  flexcan_hw_access.o(i.FLEXCAN_ReadRxFifo)
    FLEXCAN_SetErrIntCmd                     0x000016ab   Thumb Code    36  flexcan_hw_access.o(i.FLEXCAN_SetErrIntCmd)
    FLEXCAN_SetMsgBuffIntCmd                 0x000016cf   Thumb Code    48  flexcan_hw_access.o(i.FLEXCAN_SetMsgBuffIntCmd)
    FLEXCAN_WakeUpHandler                    0x00001701   Thumb Code   100  flexcan_driver.o(i.FLEXCAN_WakeUpHandler)
    INT_SYS_DisableIRQGlobal                 0x00001785   Thumb Code    12  interrupt_manager.o(i.INT_SYS_DisableIRQGlobal)
    INT_SYS_EnableIRQGlobal                  0x00001795   Thumb Code    20  interrupt_manager.o(i.INT_SYS_EnableIRQGlobal)
    IO_Write                                 0x000017ad   Thumb Code    30  s32k.o(i.IO_Write)
    LPI2C0_Master_IRQHandler                 0x000017d1   Thumb Code     6  lpi2c_irq.o(i.LPI2C0_Master_IRQHandler)
    LPI2C0_Slave_IRQHandler                  0x000017d7   Thumb Code     6  lpi2c_irq.o(i.LPI2C0_Slave_IRQHandler)
    LPI2C_DRV_MasterIRQHandler               0x000019dd   Thumb Code   240  lpi2c_driver.o(i.LPI2C_DRV_MasterIRQHandler)
    LPI2C_DRV_SlaveIRQHandler                0x00001bc1   Thumb Code   488  lpi2c_driver.o(i.LPI2C_DRV_SlaveIRQHandler)
    OSIF_SemaPost                            0x00001e95   Thumb Code    34  osif_baremetal.o(i.OSIF_SemaPost)
    SysTick_Handler                          0x00001f31   Thumb Code    10  osif_baremetal.o(i.SysTick_Handler)
    SystemInit                               0x00001f41   Thumb Code    42  system_s32k144.o(i.SystemInit)
    _DI                                      0x00001f7d   Thumb Code     4  s32k.o(i._DI)
    _EI                                      0x00001f81   Thumb Code     4  s32k.o(i._EI)
    __0printf$8                              0x00001f85   Thumb Code    22  printf8.o(i.__0printf$8)
    __1printf$8                              0x00001f85   Thumb Code     0  printf8.o(i.__0printf$8)
    __2printf                                0x00001f85   Thumb Code     0  printf8.o(i.__0printf$8)
    __0snprintf$8                            0x00001fa5   Thumb Code    44  printf8.o(i.__0snprintf$8)
    __1snprintf$8                            0x00001fa5   Thumb Code     0  printf8.o(i.__0snprintf$8)
    __2snprintf                              0x00001fa5   Thumb Code     0  printf8.o(i.__0snprintf$8)
    __scatterload_copy                       0x00001fd5   Thumb Code    14  handlers.o(i.__scatterload_copy)
    __scatterload_null                       0x00001fe3   Thumb Code     2  handlers.o(i.__scatterload_null)
    __scatterload_zeroinit                   0x00001fe5   Thumb Code    14  handlers.o(i.__scatterload_zeroinit)
    fputc                                    0x0000246d   Thumb Code    88  s32k.o(i.fputc)
    init_data_bss                            0x000024d9   Thumb Code    44  startup.o(i.init_data_bss)
    main                                     0x00002515   Thumb Code    14  main.o(i.main)
    sysinit                                  0x00002525   Thumb Code    26  timer.o(i.sysinit)
    clockNameMappings                        0x0000255e   Data         158  clock_s32k1xx.o(.constdata)
    peripheralFeaturesList                   0x000025fc   Data          79  clock_s32k1xx.o(.constdata)
    g_lpi2cMasterIrqId                       0x000026a4   Data           1  lpi2c_driver.o(.constdata)
    g_lpi2cSlaveIrqId                        0x000026a5   Data           1  lpi2c_driver.o(.constdata)
    g_lpi2cClock                             0x000026a6   Data           1  lpi2c_driver.o(.constdata)
    g_lpi2cDMASrc                            0x000026a7   Data           2  lpi2c_driver.o(.constdata)
    g_lpi2cBase                              0x000026ac   Data           4  lpi2c_driver.o(.constdata)
    Region$$Table$$Base                      0x000026e0   Number         0  anon$$obj.o(Region$$Table)
    Region$$Table$$Limit                     0x00002700   Number         0  anon$$obj.o(Region$$Table)
    Image$$VECTOR_RAM$$Base                  0x1fff8000   Number         0  anon$$obj.o ABSOLUTE
    Image$$RW_m_data$$Base                   0x1fff8400   Number         0  anon$$obj.o ABSOLUTE
    flag_rx                                  0x1fff8400   Data           1  main.o(.data)
    g_RtcClkInFreq                           0x1fff8404   Data           4  clock_s32k1xx.o(.data)
    g_xtal0ClkFreq                           0x1fff8408   Data           4  clock_s32k1xx.o(.data)
    s_osif_tick_cnt                          0x1fff8410   Data           4  osif_baremetal.o(.data)
    g_lpi2cMasterStatePtr                    0x1fff8418   Data           4  lpi2c_driver.o(.data)
    g_lpi2cSlaveStatePtr                     0x1fff841c   Data           4  lpi2c_driver.o(.data)
    peripheralClockConfig0                   0x1fff8420   Data          70  clockman1.o(.data)
    clockMan1_InitConfig0                    0x1fff8468   Data         120  clockman1.o(.data)
    g_clockManConfigsArr                     0x1fff84e0   Data           4  clockman1.o(.data)
    g_clockManCallbacksArr                   0x1fff84e4   Data           4  clockman1.o(.data)
    __stdout                                 0x1fff84e8   Data           4  stdout.o(.data)
    g_TClkFreq                               0x1fff84fc   Data          12  clock_s32k1xx.o(.bss)
    Image$$ARM_LIB_STACK$$ZI$$Limit          0x20007000   Number         0  anon$$obj.o ABSOLUTE



==============================================================================

Memory Map of the image

  Image Entry point : 0x00000411

  Load Region LR_m_text (Base: 0x00000410, Size: 0x000023dc, Max: 0x0007fbf0, ABSOLUTE)

    Execution Region ER_m_text (Exec base: 0x00000410, Load base: 0x00000410, Size: 0x000022f0, Max: 0x0007fbf0, ABSOLUTE)

    Exec Addr    Load Addr    Size         Type   Attr      Idx    E Section Name        Object

    0x00000410   0x00000410   0x00000000   Code   RO         3087  * .ARM.Collect$$$$00000000  mc_w.l(entry.o)
    0x00000410   0x00000410   0x00000004   Code   RO         3355    .ARM.Collect$$$$00000003  mc_w.l(entry4.o)
    0x00000414   0x00000414   0x00000004   Code   RO         3358    .ARM.Collect$$$$00000004  mc_w.l(entry5.o)
    0x00000418   0x00000418   0x00000000   Code   RO         3360    .ARM.Collect$$$$00000008  mc_w.l(entry7b.o)
    0x00000418   0x00000418   0x00000000   Code   RO         3362    .ARM.Collect$$$$0000000A  mc_w.l(entry8b.o)
    0x00000418   0x00000418   0x00000008   Code   RO         3363    .ARM.Collect$$$$0000000B  mc_w.l(entry9a.o)
    0x00000420   0x00000420   0x00000000   Code   RO         3365    .ARM.Collect$$$$0000000D  mc_w.l(entry10a.o)
    0x00000420   0x00000420   0x00000000   Code   RO         3367    .ARM.Collect$$$$0000000F  mc_w.l(entry11a.o)
    0x00000420   0x00000420   0x00000004   Code   RO         3356    .ARM.Collect$$$$00002714  mc_w.l(entry4.o)
    0x00000424   0x00000424   0x00000038   Code   RO          279    .text               startup_s32k144.o
    0x0000045c   0x0000045c   0x00000062   Code   RO         3372    .text               mc_w.l(uldiv.o)
    0x000004be   0x000004be   0x00000002   PAD
    0x000004c0   0x000004c0   0x00000024   Code   RO         3385    .text               mc_w.l(init.o)
    0x000004e4   0x000004e4   0x0000001e   Code   RO         3387    .text               mc_w.l(llshl.o)
    0x00000502   0x00000502   0x00000020   Code   RO         3389    .text               mc_w.l(llushr.o)
    0x00000522   0x00000522   0x00000006   Code   RO         2650    i.CAN0_Error_IRQHandler  flexcan_irq.o
    0x00000528   0x00000528   0x00000006   Code   RO         2651    i.CAN0_ORed_0_15_MB_IRQHandler  flexcan_irq.o
    0x0000052e   0x0000052e   0x00000006   Code   RO         2652    i.CAN0_ORed_16_31_MB_IRQHandler  flexcan_irq.o
    0x00000534   0x00000534   0x00000006   Code   RO         2653    i.CAN0_ORed_IRQHandler  flexcan_irq.o
    0x0000053a   0x0000053a   0x00000006   Code   RO         2654    i.CAN0_Wake_Up_IRQHandler  flexcan_irq.o
    0x00000540   0x00000540   0x00000006   Code   RO         2655    i.CAN1_Error_IRQHandler  flexcan_irq.o
    0x00000546   0x00000546   0x00000006   Code   RO         2656    i.CAN1_ORed_0_15_MB_IRQHandler  flexcan_irq.o
    0x0000054c   0x0000054c   0x00000006   Code   RO         2658    i.CAN1_ORed_IRQHandler  flexcan_irq.o
    0x00000552   0x00000552   0x00000006   Code   RO         2660    i.CAN2_Error_IRQHandler  flexcan_irq.o
    0x00000558   0x00000558   0x00000006   Code   RO         2661    i.CAN2_ORed_0_15_MB_IRQHandler  flexcan_irq.o
    0x0000055e   0x0000055e   0x00000006   Code   RO         2663    i.CAN2_ORed_IRQHandler  flexcan_irq.o
    0x00000564   0x00000564   0x000000a0   Code   RO          447    i.CLOCK_SYS_ConfigureFIRC  clock_s32k1xx.o
    0x00000604   0x00000604   0x00000128   Code   RO          448    i.CLOCK_SYS_ConfigureModulesFromScg  clock_s32k1xx.o
    0x0000072c   0x0000072c   0x000000a0   Code   RO          449    i.CLOCK_SYS_ConfigureSIRC  clock_s32k1xx.o
    0x000007cc   0x000007cc   0x000000f8   Code   RO          450    i.CLOCK_SYS_ConfigureSOSC  clock_s32k1xx.o
    0x000008c4   0x000008c4   0x000000e4   Code   RO          451    i.CLOCK_SYS_ConfigureSPLL  clock_s32k1xx.o
    0x000009a8   0x000009a8   0x00000024   Code   RO          452    i.CLOCK_SYS_GetCurrentRunMode  clock_s32k1xx.o
    0x000009cc   0x000009cc   0x00000028   Code   RO          454    i.CLOCK_SYS_GetFircFreq  clock_s32k1xx.o
    0x000009f4   0x000009f4   0x00000030   Code   RO          464    i.CLOCK_SYS_GetSircFreq  clock_s32k1xx.o
    0x00000a24   0x00000a24   0x0000001c   Code   RO          466    i.CLOCK_SYS_GetSysOscFreq  clock_s32k1xx.o
    0x00000a40   0x00000a40   0x0000003c   Code   RO          467    i.CLOCK_SYS_GetSysPllFreq  clock_s32k1xx.o
    0x00000a7c   0x00000a7c   0x00000018   Code   RO          381    i.CLOCK_SYS_Init    clock_manager.o
    0x00000a94   0x00000a94   0x00000028   Code   RO          469    i.CLOCK_SYS_SetConfiguration  clock_s32k1xx.o
    0x00000abc   0x00000abc   0x00000054   Code   RO          470    i.CLOCK_SYS_SetPccConfiguration  clock_s32k1xx.o
    0x00000b10   0x00000b10   0x0000003c   Code   RO          471    i.CLOCK_SYS_SetPmcConfiguration  clock_s32k1xx.o
    0x00000b4c   0x00000b4c   0x000000b4   Code   RO          472    i.CLOCK_SYS_SetScgConfiguration  clock_s32k1xx.o
    0x00000c00   0x00000c00   0x000000fc   Code   RO          473    i.CLOCK_SYS_SetSimConfiguration  clock_s32k1xx.o
    0x00000cfc   0x00000cfc   0x00000124   Code   RO          474    i.CLOCK_SYS_SetSystemClockConfig  clock_s32k1xx.o
    0x00000e20   0x00000e20   0x00000038   Code   RO          475    i.CLOCK_SYS_TransitionSystemClock  clock_s32k1xx.o
    0x00000e58   0x00000e58   0x000000e4   Code   RO          382    i.CLOCK_SYS_UpdateConfiguration  clock_manager.o
    0x00000f3c   0x00000f3c   0x00000006   Code   RO         1753    i.DMA0_IRQHandler   edma_irq.o
    0x00000f42   0x00000f42   0x00000006   Code   RO         1754    i.DMA10_IRQHandler  edma_irq.o
    0x00000f48   0x00000f48   0x00000006   Code   RO         1755    i.DMA11_IRQHandler  edma_irq.o
    0x00000f4e   0x00000f4e   0x00000006   Code   RO         1756    i.DMA12_IRQHandler  edma_irq.o
    0x00000f54   0x00000f54   0x00000006   Code   RO         1757    i.DMA13_IRQHandler  edma_irq.o
    0x00000f5a   0x00000f5a   0x00000006   Code   RO         1758    i.DMA14_IRQHandler  edma_irq.o
    0x00000f60   0x00000f60   0x00000006   Code   RO         1759    i.DMA15_IRQHandler  edma_irq.o
    0x00000f66   0x00000f66   0x00000006   Code   RO         1760    i.DMA1_IRQHandler   edma_irq.o
    0x00000f6c   0x00000f6c   0x00000006   Code   RO         1761    i.DMA2_IRQHandler   edma_irq.o
    0x00000f72   0x00000f72   0x00000006   Code   RO         1762    i.DMA3_IRQHandler   edma_irq.o
    0x00000f78   0x00000f78   0x00000006   Code   RO         1763    i.DMA4_IRQHandler   edma_irq.o
    0x00000f7e   0x00000f7e   0x00000006   Code   RO         1764    i.DMA5_IRQHandler   edma_irq.o
    0x00000f84   0x00000f84   0x00000006   Code   RO         1765    i.DMA6_IRQHandler   edma_irq.o
    0x00000f8a   0x00000f8a   0x00000006   Code   RO         1766    i.DMA7_IRQHandler   edma_irq.o
    0x00000f90   0x00000f90   0x00000006   Code   RO         1767    i.DMA8_IRQHandler   edma_irq.o
    0x00000f96   0x00000f96   0x00000006   Code   RO         1768    i.DMA9_IRQHandler   edma_irq.o
    0x00000f9c   0x00000f9c   0x00000004   Code   RO         1769    i.DMA_Error_IRQHandler  edma_irq.o
    0x00000fa0   0x00000fa0   0x00000040   Code   RO         1402    i.EDMA_DRV_ConfigMultiBlockTransfer  edma_driver.o
    0x00000fe0   0x00000fe0   0x000000b0   Code   RO         1404    i.EDMA_DRV_ConfigSingleBlockTransfer  edma_driver.o
    0x00001090   0x00001090   0x00000058   Code   RO         1408    i.EDMA_DRV_ErrorIRQHandler  edma_driver.o
    0x000010e8   0x000010e8   0x00000028   Code   RO         1411    i.EDMA_DRV_IRQHandler  edma_driver.o
    0x00001110   0x00001110   0x00000018   Code   RO         1417    i.EDMA_DRV_SetChannelRequest  edma_driver.o
    0x00001128   0x00001128   0x00000014   Code   RO         1426    i.EDMA_DRV_SetSrcLastAddrAdjustment  edma_driver.o
    0x0000113c   0x0000113c   0x00000014   Code   RO         1429    i.EDMA_DRV_StartChannel  edma_driver.o
    0x00001150   0x00001150   0x00000014   Code   RO         1430    i.EDMA_DRV_StopChannel  edma_driver.o
    0x00001164   0x00001164   0x0000000a   Code   RO         1652    i.EDMA_SetDmaRequestCmd  edma_hw_access.o
    0x0000116e   0x0000116e   0x00000022   Code   RO         1654    i.EDMA_TCDClearReg  edma_hw_access.o
    0x00001190   0x00001190   0x0000001e   Code   RO         1656    i.EDMA_TCDSetAttribute  edma_hw_access.o
    0x000011ae   0x000011ae   0x00000016   Code   RO         1432    i.EDMA_TCDSetDisableDmaRequestAfterTCDDoneCmd  edma_driver.o
    0x000011c4   0x000011c4   0x00000016   Code   RO         1433    i.EDMA_TCDSetMajorCompleteIntCmd  edma_driver.o
    0x000011da   0x000011da   0x00000040   Code   RO         1658    i.EDMA_TCDSetMajorCount  edma_hw_access.o
    0x0000121a   0x0000121a   0x00000034   Code   RO         1660    i.EDMA_TCDSetNbytes  edma_hw_access.o
    0x0000124e   0x0000124e   0x0000000e   Code   RO         2494    i.FLEXCAN_ClearErrIntStatusFlag  flexcan_hw_access.o
    0x0000125c   0x0000125c   0x00000010   Code   RO         2206    i.FLEXCAN_ClearMsgBuffIntStatusFlag  flexcan_driver.o
    0x0000126c   0x0000126c   0x00000088   Code   RO         2208    i.FLEXCAN_CompleteRxMessageFifoData  flexcan_driver.o
    0x000012f4   0x000012f4   0x00000044   Code   RO         2209    i.FLEXCAN_CompleteTransfer  flexcan_driver.o
    0x00001338   0x00001338   0x00000036   Code   RO         2495    i.FLEXCAN_ComputePayloadSize  flexcan_hw_access.o
    0x0000136e   0x0000136e   0x000000b2   Code   RO         2502    i.FLEXCAN_GetMsgBuff  flexcan_hw_access.o
    0x00001420   0x00001420   0x0000001a   Code   RO         2241    i.FLEXCAN_GetMsgBuffIntStatusFlag  flexcan_driver.o
    0x0000143a   0x0000143a   0x00000034   Code   RO         2503    i.FLEXCAN_GetMsgBuffRegion  flexcan_hw_access.o
    0x0000146e   0x0000146e   0x0000001e   Code   RO         2504    i.FLEXCAN_GetPayloadSize  flexcan_hw_access.o
    0x0000148c   0x0000148c   0x000001b0   Code   RO         2242    i.FLEXCAN_IRQHandler  flexcan_driver.o
    0x0000163c   0x0000163c   0x00000022   Code   RO         2506    i.FLEXCAN_LockRxMsgBuff  flexcan_hw_access.o
    0x0000165e   0x0000165e   0x0000004c   Code   RO         2508    i.FLEXCAN_ReadRxFifo  flexcan_hw_access.o
    0x000016aa   0x000016aa   0x00000024   Code   RO         2509    i.FLEXCAN_SetErrIntCmd  flexcan_hw_access.o
    0x000016ce   0x000016ce   0x00000030   Code   RO         2511    i.FLEXCAN_SetMsgBuffIntCmd  flexcan_hw_access.o
    0x000016fe   0x000016fe   0x00000002   PAD
    0x00001700   0x00001700   0x00000084   Code   RO         2249    i.FLEXCAN_WakeUpHandler  flexcan_driver.o
    0x00001784   0x00001784   0x00000010   Code   RO          725    i.INT_SYS_DisableIRQGlobal  interrupt_manager.o
    0x00001794   0x00001794   0x00000018   Code   RO          727    i.INT_SYS_EnableIRQGlobal  interrupt_manager.o
    0x000017ac   0x000017ac   0x00000024   Code   RO          286    i.IO_Write          s32k.o
    0x000017d0   0x000017d0   0x00000006   Code   RO         2170    i.LPI2C0_Master_IRQHandler  lpi2c_irq.o
    0x000017d6   0x000017d6   0x00000006   Code   RO         2171    i.LPI2C0_Slave_IRQHandler  lpi2c_irq.o
    0x000017dc   0x000017dc   0x00000050   Code   RO         1873    i.LPI2C_DRV_ConfigureDmaTransfer  lpi2c_driver.o
    0x0000182c   0x0000182c   0x00000010   Code   RO         1875    i.LPI2C_DRV_MasterCmdQueueEmpty  lpi2c_driver.o
    0x0000183c   0x0000183c   0x0000005e   Code   RO         1878    i.LPI2C_DRV_MasterEndTransfer  lpi2c_driver.o
    0x0000189a   0x0000189a   0x00000084   Code   RO         1881    i.LPI2C_DRV_MasterHandleReceiveDataReadyEvent  lpi2c_driver.o
    0x0000191e   0x0000191e   0x000000be   Code   RO         1882    i.LPI2C_DRV_MasterHandleTransmitDataRequest  lpi2c_driver.o
    0x000019dc   0x000019dc   0x000000f8   Code   RO         1883    i.LPI2C_DRV_MasterIRQHandler  lpi2c_driver.o
    0x00001ad4   0x00001ad4   0x00000046   Code   RO         1886    i.LPI2C_DRV_MasterQueueData  lpi2c_driver.o
    0x00001b1a   0x00001b1a   0x00000044   Code   RO         1898    i.LPI2C_DRV_SlaveEndTransfer  lpi2c_driver.o
    0x00001b5e   0x00001b5e   0x00000002   PAD
    0x00001b60   0x00001b60   0x00000060   Code   RO         1900    i.LPI2C_DRV_SlaveHandleAddressValidEvent  lpi2c_driver.o
    0x00001bc0   0x00001bc0   0x0000020c   Code   RO         1901    i.LPI2C_DRV_SlaveIRQHandler  lpi2c_driver.o
    0x00001dcc   0x00001dcc   0x0000008c   Code   RO         1910    i.LPI2C_DRV_SlaveStartDmaTransfer  lpi2c_driver.o
    0x00001e58   0x00001e58   0x0000000e   Code   RO         1912    i.LPI2C_Get_MasterTxFIFOSize  lpi2c_driver.o
    0x00001e66   0x00001e66   0x0000000e   Code   RO         1913    i.LPI2C_Get_SlaveInt  lpi2c_driver.o
    0x00001e74   0x00001e74   0x0000000e   Code   RO         1914    i.LPI2C_Set_MasterInt  lpi2c_driver.o
    0x00001e82   0x00001e82   0x00000012   Code   RO         1915    i.LPI2C_Set_SlaveInt  lpi2c_driver.o
    0x00001e94   0x00001e94   0x00000022   Code   RO         1268    i.OSIF_SemaPost     osif_baremetal.o
    0x00001eb6   0x00001eb6   0x00000002   PAD
    0x00001eb8   0x00001eb8   0x00000024   Code   RO          478    i.PCC_SetClockMode  clock_s32k1xx.o
    0x00001edc   0x00001edc   0x00000030   Code   RO          479    i.PCC_SetPeripheralClockControl  clock_s32k1xx.o
    0x00001f0c   0x00001f0c   0x00000024   Code   RO          481    i.SIM_SetLpoClocks  clock_s32k1xx.o
    0x00001f30   0x00001f30   0x00000010   Code   RO         1271    i.SysTick_Handler   osif_baremetal.o
    0x00001f40   0x00001f40   0x0000003c   Code   RO          238    i.SystemInit        system_s32k144.o
    0x00001f7c   0x00001f7c   0x00000004   Code   RO          287    i._DI               s32k.o
    0x00001f80   0x00001f80   0x00000004   Code   RO          288    i._EI               s32k.o
    0x00001f84   0x00001f84   0x00000020   Code   RO         3301    i.__0printf$8       mc_w.l(printf8.o)
    0x00001fa4   0x00001fa4   0x00000030   Code   RO         3302    i.__0snprintf$8     mc_w.l(printf8.o)
    0x00001fd4   0x00001fd4   0x0000000e   Code   RO         3397    i.__scatterload_copy  mc_w.l(handlers.o)
    0x00001fe2   0x00001fe2   0x00000002   Code   RO         3398    i.__scatterload_null  mc_w.l(handlers.o)
    0x00001fe4   0x00001fe4   0x0000000e   Code   RO         3399    i.__scatterload_zeroinit  mc_w.l(handlers.o)
    0x00001ff2   0x00001ff2   0x00000002   PAD
    0x00001ff4   0x00001ff4   0x00000410   Code   RO         3308    i._printf_core      mc_w.l(printf8.o)
    0x00002404   0x00002404   0x00000024   Code   RO         3309    i._printf_post_padding  mc_w.l(printf8.o)
    0x00002428   0x00002428   0x0000002e   Code   RO         3310    i._printf_pre_padding  mc_w.l(printf8.o)
    0x00002456   0x00002456   0x00000016   Code   RO         3311    i._snputc           mc_w.l(printf8.o)
    0x0000246c   0x0000246c   0x0000006c   Code   RO          289    i.fputc             s32k.o
    0x000024d8   0x000024d8   0x0000003c   Code   RO          186    i.init_data_bss     startup.o
    0x00002514   0x00002514   0x0000000e   Code   RO            7    i.main              main.o
    0x00002522   0x00002522   0x00000002   PAD
    0x00002524   0x00002524   0x00000024   Code   RO          333    i.sysinit           timer.o
    0x00002548   0x00002548   0x00000159   Data   RO          483    .constdata          clock_s32k1xx.o
    0x000026a1   0x000026a1   0x00000003   PAD
    0x000026a4   0x000026a4   0x0000000c   Data   RO         1916    .constdata          lpi2c_driver.o
    0x000026b0   0x000026b0   0x00000030   Data   RO         2251    .constdata          flexcan_driver.o
    0x000026e0   0x000026e0   0x00000020   Data   RO         3395    Region$$Table       anon$$obj.o


    Execution Region RW_m_data (Exec base: 0x1fff8400, Load base: 0x00002700, Size: 0x00000114, Max: 0x00007c00, ABSOLUTE)

    Exec Addr    Load Addr    Size         Type   Attr      Idx    E Section Name        Object

    0x1fff8400   0x00002700   0x00000001   Data   RW           11    .data               main.o
    0x1fff8401   0x00002701   0x00000003   PAD
    0x1fff8404   0x00002704   0x00000008   Data   RW          488    .data               clock_s32k1xx.o
    0x1fff840c   0x0000270c   0x00000004   Data   RW          734    .data               interrupt_manager.o
    0x1fff8410   0x00002710   0x00000004   Data   RW         1273    .data               osif_baremetal.o
    0x1fff8414   0x00002714   0x00000004   Data   RW         1437    .data               edma_driver.o
    0x1fff8418   0x00002718   0x00000008   Data   RW         1917    .data               lpi2c_driver.o
    0x1fff8420   0x00002720   0x00000046   Data   RW         2758    .data               clockman1.o
    0x1fff8466   0x00002766   0x00000002   PAD
    0x1fff8468   0x00002768   0x00000078   Data   RW         2759    .data               clockman1.o
    0x1fff84e0   0x000027e0   0x00000004   Data   RW         2760    .data               clockman1.o
    0x1fff84e4   0x000027e4   0x00000004   Data   RW         2761    .data               clockman1.o
    0x1fff84e8   0x000027e8   0x00000004   Data   RW         3369    .data               mc_w.l(stdout.o)
    0x1fff84ec        -       0x00000010   Zero   RW          383    .bss                clock_manager.o
    0x1fff84fc        -       0x0000000c   Zero   RW          482    .bss                clock_s32k1xx.o
    0x1fff8508        -       0x0000000c   Zero   RW         2250    .bss                flexcan_driver.o


    Execution Region ARM_LIB_HEAP (Exec base: 0x1fff8514, Load base: 0x000027ec, Size: 0x00000400, Max: 0x00000400, ABSOLUTE)

    Exec Addr    Load Addr    Size         Type   Attr      Idx    E Section Name        Object

    0x1fff8514        -       0x00000400   Zero   RW            1    ARM_LIB_HEAP.bss    anon$$obj.o


    Execution Region RW_m_data_2 (Exec base: 0x20000000, Load base: 0x000027ec, Size: 0x00000000, Max: 0x00006800, ABSOLUTE)

    **** No section assigned to this execution region ****


    Execution Region ARM_LIB_STACK (Exec base: 0x20006c00, Load base: 0x000027ec, Size: 0x00000400, Max: 0x00000400, ABSOLUTE)

    Exec Addr    Load Addr    Size         Type   Attr      Idx    E Section Name        Object

    0x20006c00        -       0x00000400   Zero   RW            2    ARM_LIB_STACK.bss   anon$$obj.o



  Load Region LR_m_interrupts (Base: 0x00000000, Size: 0x00000400, Max: 0x00000400, ABSOLUTE)

    Execution Region VECTOR_ROM (Exec base: 0x00000000, Load base: 0x00000000, Size: 0x00000400, Max: 0x00000400, ABSOLUTE)

    Exec Addr    Load Addr    Size         Type   Attr      Idx    E Section Name        Object

    0x00000000   0x00000000   0x00000400   Data   RO          277    RESET               startup_s32k144.o



  Load Region LR_m_flash_config (Base: 0x00000400, Size: 0x00000010, Max: 0x00000010, ABSOLUTE)

    Execution Region ER_m_flash_config (Exec base: 0x00000400, Load base: 0x00000400, Size: 0x00000010, Max: 0x00000010, ABSOLUTE)

    Exec Addr    Load Addr    Size         Type   Attr      Idx    E Section Name        Object

    0x00000400   0x00000400   0x00000010   Data   RO          278    FlashConfig         startup_s32k144.o



  Load Region LR_m_interrupts_ram (Base: 0x1fff8000, Size: 0x00000000, Max: 0x00000400, ABSOLUTE)

    Execution Region VECTOR_RAM (Exec base: 0x1fff8000, Load base: 0x1fff8000, Size: 0x00000400, Max: 0x00000400, ABSOLUTE)

    Exec Addr    Load Addr    Size         Type   Attr      Idx    E Section Name        Object

    0x1fff8000        -       0x00000400   Zero   RW            3    VECTOR_RAM.bss      anon$$obj.o


==============================================================================

Image component sizes


      Code (inc. data)   RO Data    RW Data    ZI Data      Debug   Object Name

       252         10          0          0         16      15023   clock_manager.o
      2388        132        345          8         12      45144   clock_s32k1xx.o
         0          0          0        198          0        675   clockman1.o
       496         44          0          4          0      15281   edma_driver.o
       190          0          0          0          0       3654   edma_hw_access.o
       100          0          0          0          0       7733   edma_irq.o
       810        182         48          0         12      13780   flexcan_driver.o
       522          8          0          0          0      14053   flexcan_hw_access.o
        66          0          0          0          0       5296   flexcan_irq.o
        40          8          0          4          0       1217   interrupt_manager.o
      1718         64         12          8          0      35257   lpi2c_driver.o
        12          0          0          0          0        945   lpi2c_irq.o
         0          0          0          0          0        364   lpuart_hw_access.o
        14          0          0          1          0     449439   main.o
        50          6          0          4          0       2328   osif_baremetal.o
       152         26          0          0          0       2833   s32k.o
        60         16          0          0          0     427348   startup.o
        56         18       1040          0          0        844   startup_s32k144.o
        60         18          0          0          0        497   system_s32k144.o
        36         10          0          0          0        458   timer.o

    ----------------------------------------------------------------------
      7030        542       1480        232       3112    1042169   Object Totals
         0          0         32          0       3072          0   (incl. Generated)
         8          0          3          5          0          0   (incl. Padding)

    ----------------------------------------------------------------------

      Code (inc. data)   RO Data    RW Data    ZI Data      Debug   Library Member Name

         0          0          0          0          0          0   entry.o
         0          0          0          0          0          0   entry10a.o
         0          0          0          0          0          0   entry11a.o
         8          4          0          0          0          0   entry4.o
         4          0          0          0          0          0   entry5.o
         0          0          0          0          0          0   entry7b.o
         0          0          0          0          0          0   entry8b.o
         8          4          0          0          0          0   entry9a.o
        30          0          0          0          0          0   handlers.o
        36          8          0          0          0         68   init.o
        30          0          0          0          0         68   llshl.o
        32          0          0          0          0         68   llushr.o
      1224         58          0          0          0        504   printf8.o
         0          0          0          4          0          0   stdout.o
        98          0          0          0          0         92   uldiv.o

    ----------------------------------------------------------------------
      1474         74          0          4          0        800   Library Totals
         4          0          0          0          0          0   (incl. Padding)

    ----------------------------------------------------------------------

      Code (inc. data)   RO Data    RW Data    ZI Data      Debug   Library Name

      1470         74          0          4          0        800   mc_w.l

    ----------------------------------------------------------------------
      1474         74          0          4          0        800   Library Totals

    ----------------------------------------------------------------------

==============================================================================


      Code (inc. data)   RO Data    RW Data    ZI Data      Debug   

      8504        616       1480        236       3112    1032309   Grand Totals
      8504        616       1480        236       3112    1032309   ELF Image Totals
      8504        616       1480        236          0          0   ROM Totals

==============================================================================

    Total RO  Size (Code + RO Data)                 9984 (   9.75kB)
    Total RW  Size (RW Data + ZI Data)              3348 (   3.27kB)
    Total ROM Size (Code + RO Data + RW Data)      10220 (   9.98kB)

==============================================================================

